#
# A fatal error has been detected by the Java Runtime Environment:
#
#  SIGSEGV (0xb) at pc=0x000070690929d6c6, pid=30258, tid=30268
#
# JRE version: OpenJDK Runtime Environment Temurin-21.0.11+10 (21.0.11+10) (build 21.0.11+10-LTS)
# Java VM: OpenJDK 64-Bit Server VM Temurin-21.0.11+10 (21.0.11+10-LTS, mixed mode, sharing, tiered, compressed oops, compressed class ptrs, parallel gc, linux-amd64)
# Problematic frame:
# V  [libjvm.so+0xc9d6c6]  MethodData::clean_method_data(bool)+0x56
#
# Core dump will be written. Default location: Core dumps may be processed with "/usr/share/apport/apport -p%p -s%s -c%c -d%d -P%P -u%u -g%g -F%F -- %E" (or dumping to /home/vanille/Documents/stage/Genesis/core.30258)
#
# If you would like to submit a bug report, please visit:
#   https://github.com/adoptium/adoptium-support/issues
#

---------------  S U M M A R Y ------------

Command Line: --add-modules=ALL-SYSTEM --add-opens=java.base/java.util=ALL-UNNAMED --add-opens=java.base/java.lang=ALL-UNNAMED --add-opens=java.base/sun.nio.fs=ALL-UNNAMED -Declipse.application=org.eclipse.jdt.ls.core.id1 -Dosgi.bundles.defaultStartLevel=4 -Declipse.product=org.eclipse.jdt.ls.core.product -Djava.import.generatesMetadataFilesAtProjectRoot=false -DDetectVMInstallationsJob.disabled=true -Dfile.encoding=utf8 -XX:+UseParallelGC -XX:GCTimeRatio=4 -XX:AdaptiveSizePolicyWeight=90 -Dsun.zip.disableMemoryMapping=true -Xmx2G -Xms100m -Xlog:disable -javaagent:/home/vanille/.vscode/extensions/redhat.java-1.55.0-linux-x64/lombok/lombok-1.18.39-4050.jar -XX:+HeapDumpOnOutOfMemoryError -XX:HeapDumpPath=/home/vanille/.config/Code/User/workspaceStorage/9913df0f754b0f2475124f58cd073146/redhat.java -Daether.dependencyCollector.impl=bf /home/vanille/.vscode/extensions/redhat.java-1.55.0-linux-x64/server/plugins/org.eclipse.equinox.launcher_1.7.200.v20260619-2039.jar -configuration /home/vanille/.config/Code/User/globalStorage/redhat.java/1.55.0/config_linux -data /home/vanille/.config/Code/User/workspaceStorage/9913df0f754b0f2475124f58cd073146/redhat.java/jdt_ws --pipe=/run/user/1000/lsp-4743b76ebcfa94440404d6d4dc316588.sock

Host: 11th Gen Intel(R) Core(TM) i7-1165G7 @ 2.80GHz, 8 cores, 15G, Ubuntu 24.04.4 LTS
Time: Fri Jul 17 18:41:51 2026 EAT elapsed time: 8.786102 seconds (0d 0h 0m 8s)

---------------  T H R E A D  ---------------

Current thread (0x000070690416c520):  VMThread "VM Thread"          [id=30268, stack(0x00007068a67f9000,0x00007068a68f9000) (1024K)]

Stack: [0x00007068a67f9000,0x00007068a68f9000],  sp=0x00007068a68f6d90,  free space=1015k
Native frames: (J=compiled Java code, j=interpreted, Vv=VM code, C=native code)
V  [libjvm.so+0xc9d6c6]  MethodData::clean_method_data(bool)+0x56
V  [libjvm.so+0x8e9a7a]  InstanceKlass::clean_weak_instanceklass_links()+0x3a
V  [libjvm.so+0xb54702]  Klass::clean_weak_klass_links(bool, bool)+0x4a2
V  [libjvm.so+0xd8665e]  PSParallelCompact::marking_phase(ParallelOldTracer*)+0x6de
V  [libjvm.so+0xd86a23]  PSParallelCompact::invoke_no_policy(bool) [clone .part.0]+0x323
V  [libjvm.so+0xd871cc]  PSParallelCompact::invoke(bool)+0x6c
V  [libjvm.so+0x659f0e]  CollectedHeap::collect_as_vm_thread(GCCause::Cause)+0x9e
V  [libjvm.so+0x873afd]  VM_CollectForMetadataAllocation::doit()+0xad
V  [libjvm.so+0x102e357]  VM_Operation::evaluate()+0x107
V  [libjvm.so+0x103178f]  VMThread::evaluate_operation(VM_Operation*)+0x13f
V  [libjvm.so+0x10324d3]  VMThread::inner_execute(VM_Operation*)+0x313
V  [libjvm.so+0x10327a7]  VMThread::run()+0xb7
V  [libjvm.so+0xf9d138]  Thread::call_run()+0xa8
V  [libjvm.so+0xd0eeda]  thread_native_entry(Thread*)+0xda
C  [libc.so.6+0x9caa4]

siginfo: si_signo: 11 (SIGSEGV), si_code: 128 (SI_KERNEL), si_addr: 0x0000000000000000

Registers:
RAX=0x00000000000003d8, RBX=0x000000000000002e, RCX=0x000070690405e3c8, RDX=0x000070690416cfe0
RSP=0x00007068a68f6d90, RBP=0x00007068a68f6e10, RSI=0x0000000000000000, RDI=0x0000706909b09380
R8 =0x000070690405dff0, R9 =0x0000000000000000, R10=0x0000000000000001, R11=0x0000000000000003
R12=0x8000000000000000, R13=0x8000000000000130, R14=0x00007068a8091790, R15=0x0000706909b1d608
RIP=0x000070690929d6c6, EFLAGS=0x0000000000010202, CSGSFS=0x002b000000000033, ERR=0x0000000000000000
  TRAPNO=0x000000000000000d

XMM[0]=0x000070690405dff0 0x000070690405dfe0
XMM[1]=0x000070690405dff0 0x000070690405dfe0
XMM[2]=0x00000003700e2f5e 0x000000020a3ba6b6
XMM[3]=0x00000003700e28c2 0x000000020a3ba2d7
XMM[4]=0x0000706909760694 0x0000706909a3e4d0
XMM[5]=0x000000036ecd3518 0x00000002097dbc7a
XMM[6]=0x000000036ecd8f42 0x00000002097df1e6
XMM[7]=0x000000036ecd3914 0x00000002097dbee7
XMM[8]=0x0000000000000000 0x0000000042c80000
XMM[9]=0x0000000000000000 0x4035a4894047f906
XMM[10]=0x0000000000000000 0x000000003ca056e0
XMM[11]=0x0000000000000000 0x0000000041c46666
XMM[12]=0x0000000000000000 0x0000000000000000
XMM[13]=0x0000000000000000 0x0000000000000000
XMM[14]=0x0000000000000000 0x0000000000000000
XMM[15]=0x0000000000000000 0x0000000000000000
  MXCSR=0x00001fa2


Register to memory mapping:

RAX=0x00000000000003d8 is an unknown value
RBX=0x000000000000002e is an unknown value
RCX=0x000070690405e3c8 points into unknown readable memory: 0x0000000000000025 | 25 00 00 00 00 00 00 00
RDX=0x000070690416cfe0 points into unknown readable memory: 0x0000000000000003 | 03 00 00 00 00 00 00 00
RSP=0x00007068a68f6d90 points into unknown readable memory: 0x00007068f24a3e40 | 40 3e 4a f2 68 70 00 00
RBP=0x00007068a68f6e10 points into unknown readable memory: 0x00007068a68f6e40 | 40 6e 8f a6 68 70 00 00
RSI=0x0 is null
RDI=0x0000706909b09380: <offset 0x0000000001509380> in /home/vanille/.vscode/extensions/redhat.java-1.55.0-linux-x64/jre/21.0.11-linux-x86_64/lib/server/libjvm.so at 0x0000706908600000
R8 =0x000070690405dff0 points into unknown readable memory: 0x0000706909a48c98 | 98 8c a4 09 69 70 00 00
R9 =0x0 is null
R10=0x0000000000000001 is an unknown value
R11=0x0000000000000003 is an unknown value
R12=0x8000000000000000 is an unknown value
R13=0x8000000000000130 is an unknown value
R14=0x00007068a8091790 is a pointer to class: 
org.eclipse.osgi.internal.log.ExtendedLogServiceImpl {0x00007068a8091790}
 - instance size:     4
 - klass size:        231
 - access:            public synchronized 
 - flags:             rewritten has_nonstatic_fields should_verify_class has_nonstatic_concrete_methods has_localvariable_table has_resolved_methods 
 - state:             fully_initialized
 - name:              'org/eclipse/osgi/internal/log/ExtendedLogServiceImpl'
 - super:             'java/lang/Object'
 - sub:               
 - arrays:            null
 - methods:           Array<T>(0x000070689c5036e0)
 - method ordering:   Array<T>(0x00007068a7a8c4d0)
 - local interfaces:  Array<T>(0x000070689c5036d0)
 - trans. interfaces: Array<T>(0x000070689c5068a8)
 - secondary supers: Array<T>(0x000070689c506910)
 - hash_slot:         8
 - bitmap:            0x8008020200001000
 - constants:         constant pool [395]/operands[14] {0x000070689c502950} for 'org/eclipse/osgi/internal/log/ExtendedLogServiceImpl' cache=0x000070689c50ad08
 - class loader data:  loader data: 0x0000706904245050 for instance a 'org/eclipse/equinox/launcher/Main$StartupClassLoader'{0x00000000809ea590}
 - source file:       'ExtendedLogServiceImpl.java'
 - inner classes:     Array<T>(0x000070689c506878)
 - nest members:     Array<T>(0x00007068a7618e98)
 - permitted subclasses:     Array<T>(0x00007068a7618e98)
 - java mirror:       a 'java/lang/Class'{0x0000000080a26520} = 'org/eclipse/osgi/internal/log/ExtendedLogServiceImpl'
 - vtable length      59  (start addr: 0x00007068a8091960)
 - itable length      113 (start addr: 0x00007068a8091b38)
 - ---- static fields (1 words):
 - private static final 'LOG_SERVICE' 'Ljava/lang/String;' @112 
 - ---- non-static fields (4 words):
 - private final 'factory' 'Lorg/eclipse/osgi/internal/log/ExtendedLogServiceFactory;' @12 
 - private volatile 'bundle' 'Lorg/osgi/framework/Bundle;' @16 
 - private final 'loggerClassLoggers' 'Ljava/util/Map;' @20 
 - private final 'formatterLoggerClassLoggers' 'Ljava/util/Map;' @24 
 - non-static oop maps: 12-24 
R15=0x0000706909b1d608: <offset 0x000000000151d608> in /home/vanille/.vscode/extensions/redhat.java-1.55.0-linux-x64/jre/21.0.11-linux-x86_64/lib/server/libjvm.so at 0x0000706908600000

Top of Stack: (sp=0x00007068a68f6d90)
0x00007068a68f6d90:   00007068f24a3e40 00000000000003d8   @>J.hp..........
0x00007068a68f6da0:   000070690405dfe0 000070690405dff0   ....ip......ip..
0x00007068a68f6db0:   000070690405e3c8 0000706908ee98f3   ....ip......ip..
0x00007068a68f6dc0:   000070690405dff0 0000706800000000   ....ip......hp..
0x00007068a68f6dd0:   000070690405dfe0 000070690416c8c0   ....ip......ip..
0x00007068a68f6de0:   000070690416c8c0 000000000000002e   ....ip..........
0x00007068a68f6df0:   8000000000000000 00007068a8091ec8   ............hp..
0x00007068a68f6e00:   00007068a8091790 0000706909b1d608   ....hp......ip..
0x00007068a68f6e10:   00007068a68f6e40 0000706908ee9a7a   @n..hp..z...ip..
0x00007068a68f6e20:   00007068a80925b8 00007068a8091ec8   .%..hp......hp..
0x00007068a68f6e30:   00007068a8091f48 00007068a8091790   H...hp......hp..
0x00007068a68f6e40:   00007068a68f6f00 0000706909154702   .o..hp...G..ip..
0x00007068a68f6e50:   00007068a68f6e80 01007068a68f7178   .n..hp..xq..hp..
0x00007068a68f6e60:   00007068a68f75a0 0000706909b1d608   .u..hp......ip..
0x00007068a68f6e70:   00007068a8091ec8 0000706909cec96d   ....hp..m...ip..
0x00007068a68f6e80:   0000706909a475c8 00000000000001fe   .u..ip..........
0x00007068a68f6e90:   ffffffffffffff00 0000000000000004   ................
0x00007068a68f6ea0:   00000000000000ad 0000000000000000   ................
0x00007068a68f6eb0:   0000000000000000 0000706894008380   ............hp..
0x00007068a68f6ec0:   0000000000000000 0000706908dd8e85   ............ip..
0x00007068a68f6ed0:   000000020a3ba6b6 0000706909b722c0   ..;......"..ip..
0x00007068a68f6ee0:   0000706909b45ba0 00007068a68f7178   .[..ip..xq..hp..
0x00007068a68f6ef0:   00007068a68f75a0 0000706909b1d608   .u..hp......ip..
0x00007068a68f6f00:   00007068a68f74c0 000070690938665e   .t..hp..^f8.ip..
0x00007068a68f6f10:   0000706909b722c0 0000706909b72648   ."..ip..H&..ip..
0x00007068a68f6f20:   0000706909afbba0 00007069097b6f00   ....ip...o{.ip..
0x00007068a68f6f30:   00007068a68f7200 00007068a68f7230   .r..hp..0r..hp..
0x00007068a68f6f40:   0000706909b72260 00007068a68f71d4   `"..ip...q..hp..
0x00007068a68f6f50:   00007068a68f72f8 00007068a68f7290   .r..hp...r..hp..
0x00007068a68f6f60:   00007068a68f7078 000070690975b2b5   xp..hp....u.ip..
0x00007068a68f6f70:   00007068a68f72c0 00007068a68f71c0   .r..hp...q..hp..
0x00007068a68f6f80:   00007068a68f70e8 0000706800000001   .p..hp......hp..

Instructions: (pc=0x000070690929d6c6)
0x000070690929d5c6:   41 5f 5d e9 92 64 60 ff 66 90 b8 08 00 00 00 e9
0x000070690929d5d6:   19 ff ff ff 66 0f 1f 44 00 00 3c 01 76 24 3c 0d
0x000070690929d5e6:   75 6b ba 02 00 00 00 01 d3 e9 ea fe ff ff 0f 1f
0x000070690929d5f6:   40 00 49 8d 74 24 08 e9 5d ff ff ff 66 0f 1f 44
0x000070690929d606:   00 00 ba 01 00 00 00 01 d3 e9 ca fe ff ff 0f 1f
0x000070690929d616:   40 00 4c 89 f7 ff d0 e9 5f fe ff ff 48 8d 05 47
0x000070690929d626:   19 87 00 48 8d 0d 49 80 4b 00 ba f1 06 00 00 48
0x000070690929d636:   8d 35 b4 01 51 00 bf 00 00 00 e0 48 8b 00 c6 00
0x000070690929d646:   58 45 0f b6 04 24 31 c0 e8 7d 23 a2 ff 4c 89 e7
0x000070690929d656:   e8 45 ae ff ff 90 0f 1f 40 00 c3 90 66 66 2e 0f
0x000070690929d666:   1f 84 00 00 00 00 00 0f 1f 00 55 48 89 e5 41 57
0x000070690929d676:   41 56 41 55 41 54 49 89 fc 53 4d 8d ac 24 30 01
0x000070690929d686:   00 00 48 83 ec 58 89 75 b8 40 88 75 af 66 48 8d
0x000070690929d696:   3d e5 bc 86 00 66 66 48 e8 ed 62 60 ff 48 8b 00
0x000070690929d6a6:   48 8b 80 20 03 00 00 f3 0f 6f 40 10 48 8b 48 20
0x000070690929d6b6:   48 89 45 c8 48 8b 40 28 48 89 4d a0 48 89 45 88
0x000070690929d6c6:   41 8b 84 24 28 01 00 00 0f 29 45 90 0f 17 45 b0
0x000070690929d6d6:   66 0f d6 45 c0 85 c0 7e 61 4c 89 ef e8 89 d2 ff
0x000070690929d6e6:   ff 49 89 c7 48 85 c0 74 51 44 0f b6 75 b8 0f 1f
0x000070690929d6f6:   40 00 49 8b 07 44 89 f6 4c 89 ff ff 90 80 00 00
0x000070690929d706:   00 49 8b 5f 08 49 8b 07 4c 89 ff ff 10 4c 29 eb
0x000070690929d716:   8d 7c c3 08 41 3b bc 24 28 01 00 00 7d 1c 48 63
0x000070690929d726:   ff 4c 01 ef e8 41 d2 ff ff 49 89 c7 48 85 c0 75
0x000070690929d736:   c1 66 0f 1f 84 00 00 00 00 00 49 63 bc 24 2c 01
0x000070690929d746:   00 00 83 ff fe 0f 84 87 02 00 00 4c 01 ef e8 17
0x000070690929d756:   d2 ff ff 49 89 c6 48 8b 00 4c 89 f7 ff 50 68 84
0x000070690929d766:   c0 74 77 49 8b 06 48 8d 15 6d b9 94 ff 48 8b 80
0x000070690929d776:   80 00 00 00 48 39 d0 0f 85 6d 03 00 00 41 8b 7e
0x000070690929d786:   1c 85 ff 7e 55 31 c9 80 7d b8 00 be 01 00 00 00
0x000070690929d796:   0f 84 bc 02 00 00 4d 8b 56 10 45 8b 4e 18 4d 8b
0x000070690929d7a6:   42 08 42 8d 04 0e 48 98 49 8b 54 c0 08 48 f7 c2
0x000070690929d7b6:   fc ff ff ff 0f 84 00 02 00 00 83 e2 03 83 c1 01


Stack slot to memory mapping:

stack at sp + 0 slots: 0x00007068f24a3e40 is at entry_point+256 in (nmethod*)0x00007068f24a3b90
Compiled method (c1) 8811 3532       3       org.lombokweb.asm.SymbolTable::addConstantClass (8 bytes)
 total in heap  [0x00007068f24a3b90,0x00007068f24a3ef0] = 864
 relocation     [0x00007068f24a3ce8,0x00007068f24a3d28] = 64
 main code      [0x00007068f24a3d40,0x00007068f24a3e40] = 256
 stub code      [0x00007068f24a3e40,0x00007068f24a3e80] = 64
 oops           [0x00007068f24a3e80,0x00007068f24a3e88] = 8
 metadata       [0x00007068f24a3e88,0x00007068f24a3e90] = 8
 scopes data    [0x00007068f24a3e90,0x00007068f24a3ea8] = 24
 scopes pcs     [0x00007068f24a3ea8,0x00007068f24a3ee8] = 64
 dependencies   [0x00007068f24a3ee8,0x00007068f24a3ef0] = 8
0x00007068f24a3dfd:   49 ba d1 3d 4a f2 68 70 00 00 4d 89 97 68 04 00
0x00007068f24a3e0d:   00 e9 ed 85 ee 06 49 8b 87 00 05 00 00 49 c7 87
0x00007068f24a3e1d:   00 05 00 00 00 00 00 00 49 c7 87 08 05 00 00 00
0x00007068f24a3e2d:   00 00 00 48 83 c4 30 5d e9 c6 e1 f8 06 f4 f4 f4
0x00007068f24a3e3d:   f4 f4 f4 
stack at sp + 1 slots: 0x00000000000003d8 is an unknown value
stack at sp + 2 slots: 0x000070690405dfe0 points into unknown readable memory: 0x0000000000000000 | 00 00 00 00 00 00 00 00
stack at sp + 3 slots: 0x000070690405dff0 points into unknown readable memory: 0x626d6f6c2e67726f | 6f 72 67 2e 6c 6f 6d 62
stack at sp + 4 slots: 0x000070690405e3c8 points into unknown readable memory: 0x0000000000000025 | 25 00 00 00 00 00 00 00
stack at sp + 5 slots: 0x0000706908ee98f3: <offset 0x00000000008e98f3> in /home/vanille/.vscode/extensions/redhat.java-1.55.0-linux-x64/jre/21.0.11-linux-x86_64/lib/server/libjvm.so at 0x0000706908600000
stack at sp + 6 slots: 0x000070690405dff0 points into unknown readable memory: 0x626d6f6c2e67726f | 6f 72 67 2e 6c 6f 6d 62
stack at sp + 7 slots: 0x0000706800000000 is an unknown value

VM_Operation (0x00007068a4fef3a0): CollectForMetadataAllocation, mode: safepoint, requested by thread 0x000070690444a9c0


---------------  P R O C E S S  ---------------

Threads class SMR info:
_java_thread_list=0x0000706830000c40, length=20, elements={
0x000070690402acd0, 0x0000706904175ac0, 0x0000706904177000, 0x0000706904178760,
0x0000706904179d70, 0x000070690417b2e0, 0x000070690417cdf0, 0x000070690417e480,
0x00007069041d3990, 0x0000706904243800, 0x00007069043ec100, 0x00007069044479d0,
0x0000706854025d70, 0x000070690444a9c0, 0x000070685025ef50, 0x000070685042d1c0,
0x00007068504d59c0, 0x0000706850376660, 0x0000706850383950, 0x000070688042de90
}

Java Threads: ( => current thread )
  0x000070690402acd0 JavaThread "main"                              [_thread_blocked, id=30259, stack(0x0000706908417000,0x0000706908517000) (1024K)]
  0x0000706904175ac0 JavaThread "Reference Handler"          daemon [_thread_blocked, id=30273, stack(0x00007068a6100000,0x00007068a6200000) (1024K)]
  0x0000706904177000 JavaThread "Finalizer"                  daemon [_thread_blocked, id=30274, stack(0x00007068a6000000,0x00007068a6100000) (1024K)]
  0x0000706904178760 JavaThread "Signal Dispatcher"          daemon [_thread_blocked, id=30276, stack(0x00007068a5f00000,0x00007068a6000000) (1024K)]
  0x0000706904179d70 JavaThread "Service Thread"             daemon [_thread_blocked, id=30277, stack(0x00007068a5e00000,0x00007068a5f00000) (1024K)]
  0x000070690417b2e0 JavaThread "Monitor Deflation Thread"   daemon [_thread_blocked, id=30278, stack(0x00007068a5d00000,0x00007068a5e00000) (1024K)]
  0x000070690417cdf0 JavaThread "C2 CompilerThread0"         daemon [_thread_blocked, id=30279, stack(0x00007068a5c00000,0x00007068a5d00000) (1024K)]
  0x000070690417e480 JavaThread "C1 CompilerThread0"         daemon [_thread_blocked, id=30280, stack(0x00007068a5b00000,0x00007068a5c00000) (1024K)]
  0x00007069041d3990 JavaThread "Common-Cleaner"             daemon [_thread_blocked, id=30281, stack(0x00007068a5a00000,0x00007068a5b00000) (1024K)]
  0x0000706904243800 JavaThread "Notification Thread"        daemon [_thread_blocked, id=30303, stack(0x00007068a5700000,0x00007068a5800000) (1024K)]
  0x00007069043ec100 JavaThread "Active Thread: Equinox Container: b19b695c-d858-4faa-a035-a105e20c3a64"        [_thread_blocked, id=30308, stack(0x00007068a52fd000,0x00007068a53fd000) (1024K)]
  0x00007069044479d0 JavaThread "Refresh Thread: Equinox Container: b19b695c-d858-4faa-a035-a105e20c3a64" daemon [_thread_blocked, id=30312, stack(0x00007068a51fd000,0x00007068a52fd000) (1024K)]
  0x0000706854025d70 JavaThread "Framework Event Dispatcher: Equinox Container: b19b695c-d858-4faa-a035-a105e20c3a64" daemon [_thread_blocked, id=30314, stack(0x00007068a4ffc000,0x00007068a50fc000) (1024K)]
  0x000070690444a9c0 JavaThread "Start Level: Equinox Container: b19b695c-d858-4faa-a035-a105e20c3a64" daemon [_thread_blocked, id=30315, stack(0x00007068a4efc000,0x00007068a4ffc000) (1024K)]
  0x000070685025ef50 JavaThread "Bundle File Closer"         daemon [_thread_blocked, id=30325, stack(0x00007068a4cfb000,0x00007068a4dfb000) (1024K)]
  0x000070685042d1c0 JavaThread "SCR Component Actor"        daemon [_thread_blocked, id=30385, stack(0x00007068a5900000,0x00007068a5a00000) (1024K)]
  0x00007068504d59c0 JavaThread "Worker-JM"                         [_thread_blocked, id=30404, stack(0x00007068a5800000,0x00007068a5900000) (1024K)]
  0x0000706850376660 JavaThread "Worker-0"                          [_thread_blocked, id=30445, stack(0x00007068a47f9000,0x00007068a48f9000) (1024K)]
  0x0000706850383950 JavaThread "Worker-1"                          [_thread_blocked, id=30447, stack(0x00007068a49fa000,0x00007068a4afa000) (1024K)]
  0x000070688042de90 JavaThread "C2 CompilerThread1"         daemon [_thread_blocked, id=30451, stack(0x00007068a4afa000,0x00007068a4bfa000) (1024K)]
Total: 20

Other Threads:
=>0x000070690416c520 VMThread "VM Thread"                           [id=30268, stack(0x00007068a67f9000,0x00007068a68f9000) (1024K)]
  0x0000706904052cc0 WatcherThread "VM Periodic Task Thread"        [id=30267, stack(0x00007068f1654000,0x00007068f1754000) (1024K)]
  0x0000706904043a40 WorkerThread "GC Thread#0"                     [id=30260, stack(0x0000706908141000,0x0000706908241000) (1024K)]
  0x0000706894000fc0 WorkerThread "GC Thread#1"                     [id=30304, stack(0x00007068a5600000,0x00007068a5700000) (1024K)]
  0x0000706894002fe0 WorkerThread "GC Thread#2"                     [id=30305, stack(0x00007068a54ff000,0x00007068a55ff000) (1024K)]
  0x0000706894003a80 WorkerThread "GC Thread#3"                     [id=30306, stack(0x00007068a53fe000,0x00007068a54fe000) (1024K)]
  0x0000706894004700 WorkerThread "GC Thread#4"                     [id=30313, stack(0x00007068a50fd000,0x00007068a51fd000) (1024K)]
  0x00007068940059d0 WorkerThread "GC Thread#5"                     [id=30324, stack(0x00007068a4dfc000,0x00007068a4efc000) (1024K)]
  0x0000706894006520 WorkerThread "GC Thread#6"                     [id=30396, stack(0x00007068a4bfb000,0x00007068a4cfb000) (1024K)]
  0x0000706894007520 WorkerThread "GC Thread#7"                     [id=30435, stack(0x00007068a48fa000,0x00007068a49fa000) (1024K)]
Total: 10

Threads with active compile tasks:
C2 CompilerThread1  8820 3528       4       org.lombokweb.asm.ClassReader::readUTF8 (23 bytes)
Total: 1

VM state: at safepoint (normal execution)

VM Mutex/Monitor currently owned by a thread:  ([mutex/lock_event])
[0x0000706909b6bef8] Threads_lock - owner thread: 0x000070690416c520
[0x0000706909b6bdf8] Heap_lock - owner thread: 0x000070690444a9c0

Heap address: 0x0000000080000000, size: 2048 MB, Compressed Oops mode: 32-bit

CDS archive(s) mapped at: [0x00007068a7000000-0x00007068a7bba000-0x00007068a7bba000), size 12296192, SharedBaseAddress: 0x00007068a7000000, ArchiveRelocationMode: 1.
Compressed class space mapped at: 0x00007068a8000000-0x00007068e8000000, reserved size: 1073741824
Narrow klass base: 0x00007068a7000000, Narrow klass shift: 0, Narrow klass range: 0x100000000

GC Precious Log:
 CardTable entry size: 512
 CPUs: 8 total, 8 available
 Memory: 15719M
 Large Page Support: Disabled
 NUMA Support: Disabled
 Compressed Oops: Enabled (32-bit)
 Alignments: Space 512K, Generation 512K, Heap 2M
 Heap Min Capacity: 100M
 Heap Initial Capacity: 100M
 Heap Max Capacity: 2G
 Pre-touch: Disabled
 Parallel Workers: 8

Heap:
 PSYoungGen      total 28672K, used 4086K [0x00000000d5580000, 0x00000000d7680000, 0x0000000100000000)
  eden space 24576K, 0% used [0x00000000d5580000,0x00000000d5580000,0x00000000d6d80000)
  from space 4096K, 99% used [0x00000000d6e80000,0x00000000d727dad8,0x00000000d7280000)
  to   space 4096K, 0% used [0x00000000d7280000,0x00000000d7280000,0x00000000d7680000)
 ParOldGen       total 68608K, used 11127K [0x0000000080000000, 0x0000000084300000, 0x00000000d5580000)
  object space 68608K, 16% used [0x0000000080000000,0x0000000080adde88,0x0000000084300000)
 Metaspace       used 20710K, committed 21504K, reserved 1114112K
  class space    used 2171K, committed 2560K, reserved 1048576K

Card table byte_map: [0x00007068f19ff000,0x00007068f1e00000] _byte_map_base: 0x00007068f15ff000

Marking Bits: (ParMarkBitMap*) 0x0000706909b721e0
 Begin Bits: [0x00007068e8000000, 0x00007068ea000000)
 End Bits:   [0x00007068ea000000, 0x00007068ec000000)

Polling page: 0x0000706909ed4000

Metaspace:

Usage:
  Non-class:     18.10 MB used.
      Class:      2.12 MB used.
       Both:     20.22 MB used.

Virtual space:
  Non-class space:       64.00 MB reserved,      18.50 MB ( 29%) committed,  1 nodes.
      Class space:        1.00 GB reserved,       2.50 MB ( <1%) committed,  1 nodes.
             Both:        1.06 GB reserved,      21.00 MB (  2%) committed. 

Chunk freelists:
   Non-Class:  13.25 MB
       Class:  13.41 MB
        Both:  26.66 MB

MaxMetaspaceSize: unlimited
CompressedClassSpaceSize: 1.00 GB
Initial GC threshold: 21.00 MB
Current GC threshold: 21.00 MB
CDS: on
 - commit_granule_bytes: 65536.
 - commit_granule_words: 8192.
 - virtual_space_node_default_size: 8388608.
 - enlarge_chunks_in_place: 1.
 - use_allocation_guard: 0.


Internal statistics:

num_allocs_failed_limit: 3.
num_arena_births: 578.
num_arena_deaths: 0.
num_vsnodes_births: 2.
num_vsnodes_deaths: 0.
num_space_committed: 336.
num_space_uncommitted: 0.
num_chunks_returned_to_freelist: 3.
num_chunks_taken_from_freelist: 1402.
num_chunk_merges: 3.
num_chunk_splits: 892.
num_chunks_enlarged: 549.
num_inconsistent_stats: 0.

CodeHeap 'non-profiled nmethods': size=120028Kb used=1567Kb max_used=1567Kb free=118460Kb
 bounds [0x00007068f98c9000, 0x00007068f9b39000, 0x0000706900e00000]
CodeHeap 'profiled nmethods': size=120028Kb used=6799Kb max_used=6799Kb free=113228Kb
 bounds [0x00007068f1e00000, 0x00007068f24b0000, 0x00007068f9337000]
CodeHeap 'non-nmethods': size=5704Kb used=1277Kb max_used=1326Kb free=4426Kb
 bounds [0x00007068f9337000, 0x00007068f95a7000, 0x00007068f98c9000]
CodeCache: size=245760Kb, used=9643Kb, max_used=9692Kb, free=236114Kb
 total_blobs=4087, nmethods=3530, adapters=464, full_count=0
Compilation: enabled, stopped_count=0, restarted_count=0

Compilation events (20 events):
Event: 8.523 Thread 0x000070690417e480 nmethod 3529 0x00007068f249ab10 code [0x00007068f249ad40, 0x00007068f249b308]
Event: 8.531 Thread 0x000070690417e480 3531       3       org.lombokweb.asm.ClassReader::readMethod (1070 bytes)
Event: 8.570 Thread 0x000070690417e480 nmethod 3531 0x00007068f249b610 code [0x00007068f249bd80, 0x00007068f24a01d0]
Event: 8.570 Thread 0x000070690417e480 3534       3       org.lombokweb.asm.ByteVector::putByteArray (49 bytes)
Event: 8.585 Thread 0x000070690417e480 nmethod 3534 0x00007068f24a1e10 code [0x00007068f24a1fc0, 0x00007068f24a2278]
Event: 8.585 Thread 0x000070690417e480 3530       3       org.lombokweb.asm.ByteVector::<init> (13 bytes)
Event: 8.585 Thread 0x000070690417e480 nmethod 3530 0x00007068f24a2390 code [0x00007068f24a2520, 0x00007068f24a2738]
Event: 8.585 Thread 0x000070690417e480 3537       3       org.lombokweb.asm.MethodVisitor::<init> (79 bytes)
Event: 8.586 Thread 0x000070690417e480 nmethod 3537 0x00007068f24a2810 code [0x00007068f24a2a60, 0x00007068f24a32f0]
Event: 8.586 Thread 0x000070690417e480 3538       3       org.lombokweb.asm.ClassWriter::visitMethod (57 bytes)
Event: 8.587 Thread 0x000070690417e480 nmethod 3538 0x00007068f24a3610 code [0x00007068f24a37c0, 0x00007068f24a3a50]
Event: 8.587 Thread 0x000070690417e480 3532       3       org.lombokweb.asm.SymbolTable::addConstantClass (8 bytes)
Event: 8.587 Thread 0x000070690417e480 nmethod 3532 0x00007068f24a3b90 code [0x00007068f24a3d40, 0x00007068f24a3e80]
Event: 8.606 Thread 0x000070690417cdf0 nmethod 3522 0x00007068f9a4f010 code [0x00007068f9a4f200, 0x00007068f9a4fd40]
Event: 8.607 Thread 0x000070690417cdf0 3535       4       org.lombokweb.asm.Symbol::<init> (38 bytes)
Event: 8.613 Thread 0x000070690417cdf0 nmethod 3535 0x00007068f9a50310 code [0x00007068f9a50480, 0x00007068f9a50540]
Event: 8.613 Thread 0x000070690417cdf0 3536       4       org.lombokweb.asm.SymbolTable::add (39 bytes)
Event: 8.622 Thread 0x000070690417cdf0 nmethod 3536 0x00007068f9a50610 code [0x00007068f9a507a0, 0x00007068f9a508e8]
Event: 8.622 Thread 0x000070690417cdf0 3533       4       org.lombokweb.asm.ClassReader::readInt (52 bytes)
Event: 8.633 Thread 0x000070690417cdf0 nmethod 3533 0x00007068f9a50a10 code [0x00007068f9a50ba0, 0x00007068f9a50cc0]

GC Heap History (15 events):
Event: 0.947 GC heap before
{Heap before GC invocations=1 (full 0):
 PSYoungGen      total 29696K, used 25600K [0x00000000d5580000, 0x00000000d7680000, 0x0000000100000000)
  eden space 25600K, 100% used [0x00000000d5580000,0x00000000d6e80000,0x00000000d6e80000)
  from space 4096K, 0% used [0x00000000d7280000,0x00000000d7280000,0x00000000d7680000)
  to   space 4096K, 0% used [0x00000000d6e80000,0x00000000d6e80000,0x00000000d7280000)
 ParOldGen       total 68608K, used 1066K [0x0000000080000000, 0x0000000084300000, 0x00000000d5580000)
  object space 68608K, 1% used [0x0000000080000000,0x000000008010aa70,0x0000000084300000)
 Metaspace       used 4479K, committed 4672K, reserved 1114112K
  class space    used 477K, committed 576K, reserved 1048576K
}
Event: 0.953 GC heap after
{Heap after GC invocations=1 (full 0):
 PSYoungGen      total 29696K, used 2935K [0x00000000d5580000, 0x00000000d7680000, 0x0000000100000000)
  eden space 25600K, 0% used [0x00000000d5580000,0x00000000d5580000,0x00000000d6e80000)
  from space 4096K, 71% used [0x00000000d6e80000,0x00000000d715de88,0x00000000d7280000)
  to   space 4096K, 0% used [0x00000000d7280000,0x00000000d7280000,0x00000000d7680000)
 ParOldGen       total 68608K, used 1074K [0x0000000080000000, 0x0000000084300000, 0x00000000d5580000)
  object space 68608K, 1% used [0x0000000080000000,0x000000008010ca70,0x0000000084300000)
 Metaspace       used 4479K, committed 4672K, reserved 1114112K
  class space    used 477K, committed 576K, reserved 1048576K
}
Event: 1.538 GC heap before
{Heap before GC invocations=2 (full 0):
 PSYoungGen      total 29696K, used 28535K [0x00000000d5580000, 0x00000000d7680000, 0x0000000100000000)
  eden space 25600K, 100% used [0x00000000d5580000,0x00000000d6e80000,0x00000000d6e80000)
  from space 4096K, 71% used [0x00000000d6e80000,0x00000000d715de88,0x00000000d7280000)
  to   space 4096K, 0% used [0x00000000d7280000,0x00000000d7280000,0x00000000d7680000)
 ParOldGen       total 68608K, used 1074K [0x0000000080000000, 0x0000000084300000, 0x00000000d5580000)
  object space 68608K, 1% used [0x0000000080000000,0x000000008010ca70,0x0000000084300000)
 Metaspace       used 8109K, committed 8384K, reserved 1114112K
  class space    used 849K, committed 960K, reserved 1048576K
}
Event: 1.548 GC heap after
{Heap after GC invocations=2 (full 0):
 PSYoungGen      total 29696K, used 4071K [0x00000000d5580000, 0x00000000d7680000, 0x0000000100000000)
  eden space 25600K, 0% used [0x00000000d5580000,0x00000000d5580000,0x00000000d6e80000)
  from space 4096K, 99% used [0x00000000d7280000,0x00000000d7679e98,0x00000000d7680000)
  to   space 4096K, 0% used [0x00000000d6e80000,0x00000000d6e80000,0x00000000d7280000)
 ParOldGen       total 68608K, used 2697K [0x0000000080000000, 0x0000000084300000, 0x00000000d5580000)
  object space 68608K, 3% used [0x0000000080000000,0x00000000802a2708,0x0000000084300000)
 Metaspace       used 8109K, committed 8384K, reserved 1114112K
  class space    used 849K, committed 960K, reserved 1048576K
}
Event: 1.977 GC heap before
{Heap before GC invocations=3 (full 0):
 PSYoungGen      total 29696K, used 29671K [0x00000000d5580000, 0x00000000d7680000, 0x0000000100000000)
  eden space 25600K, 100% used [0x00000000d5580000,0x00000000d6e80000,0x00000000d6e80000)
  from space 4096K, 99% used [0x00000000d7280000,0x00000000d7679e98,0x00000000d7680000)
  to   space 4096K, 0% used [0x00000000d6e80000,0x00000000d6e80000,0x00000000d7280000)
 ParOldGen       total 68608K, used 2697K [0x0000000080000000, 0x0000000084300000, 0x00000000d5580000)
  object space 68608K, 3% used [0x0000000080000000,0x00000000802a2708,0x0000000084300000)
 Metaspace       used 9441K, committed 9792K, reserved 1114112K
  class space    used 1000K, committed 1152K, reserved 1048576K
}
Event: 1.988 GC heap after
{Heap after GC invocations=3 (full 0):
 PSYoungGen      total 29696K, used 4095K [0x00000000d5580000, 0x00000000d7680000, 0x0000000100000000)
  eden space 25600K, 0% used [0x00000000d5580000,0x00000000d5580000,0x00000000d6e80000)
  from space 4096K, 99% used [0x00000000d6e80000,0x00000000d727ff58,0x00000000d7280000)
  to   space 4096K, 0% used [0x00000000d7280000,0x00000000d7280000,0x00000000d7680000)
 ParOldGen       total 68608K, used 6147K [0x0000000080000000, 0x0000000084300000, 0x00000000d5580000)
  object space 68608K, 8% used [0x0000000080000000,0x0000000080600dc0,0x0000000084300000)
 Metaspace       used 9441K, committed 9792K, reserved 1114112K
  class space    used 1000K, committed 1152K, reserved 1048576K
}
Event: 4.300 GC heap before
{Heap before GC invocations=4 (full 0):
 PSYoungGen      total 29696K, used 29695K [0x00000000d5580000, 0x00000000d7680000, 0x0000000100000000)
  eden space 25600K, 100% used [0x00000000d5580000,0x00000000d6e80000,0x00000000d6e80000)
  from space 4096K, 99% used [0x00000000d6e80000,0x00000000d727ff58,0x00000000d7280000)
  to   space 4096K, 0% used [0x00000000d7280000,0x00000000d7280000,0x00000000d7680000)
 ParOldGen       total 68608K, used 6147K [0x0000000080000000, 0x0000000084300000, 0x00000000d5580000)
  object space 68608K, 8% used [0x0000000080000000,0x0000000080600dc0,0x0000000084300000)
 Metaspace       used 11927K, committed 12288K, reserved 1114112K
  class space    used 1258K, committed 1408K, reserved 1048576K
}
Event: 4.308 GC heap after
{Heap after GC invocations=4 (full 0):
 PSYoungGen      total 29696K, used 4075K [0x00000000d5580000, 0x00000000d7680000, 0x0000000100000000)
  eden space 25600K, 0% used [0x00000000d5580000,0x00000000d5580000,0x00000000d6e80000)
  from space 4096K, 99% used [0x00000000d7280000,0x00000000d767afa0,0x00000000d7680000)
  to   space 4096K, 0% used [0x00000000d6e80000,0x00000000d6e80000,0x00000000d7280000)
 ParOldGen       total 68608K, used 7174K [0x0000000080000000, 0x0000000084300000, 0x00000000d5580000)
  object space 68608K, 10% used [0x0000000080000000,0x0000000080701970,0x0000000084300000)
 Metaspace       used 11927K, committed 12288K, reserved 1114112K
  class space    used 1258K, committed 1408K, reserved 1048576K
}
Event: 6.021 GC heap before
{Heap before GC invocations=5 (full 0):
 PSYoungGen      total 29696K, used 29675K [0x00000000d5580000, 0x00000000d7680000, 0x0000000100000000)
  eden space 25600K, 100% used [0x00000000d5580000,0x00000000d6e80000,0x00000000d6e80000)
  from space 4096K, 99% used [0x00000000d7280000,0x00000000d767afa0,0x00000000d7680000)
  to   space 4096K, 0% used [0x00000000d6e80000,0x00000000d6e80000,0x00000000d7280000)
 ParOldGen       total 68608K, used 7174K [0x0000000080000000, 0x0000000084300000, 0x00000000d5580000)
  object space 68608K, 10% used [0x0000000080000000,0x0000000080701970,0x0000000084300000)
 Metaspace       used 15634K, committed 16256K, reserved 1114112K
  class space    used 1617K, committed 1920K, reserved 1048576K
}
Event: 6.050 GC heap after
{Heap after GC invocations=5 (full 0):
 PSYoungGen      total 29184K, used 4074K [0x00000000d5580000, 0x00000000d7c00000, 0x0000000100000000)
  eden space 25088K, 0% used [0x00000000d5580000,0x00000000d5580000,0x00000000d6e00000)
  from space 4096K, 99% used [0x00000000d6e80000,0x00000000d727a998,0x00000000d7280000)
  to   space 7168K, 0% used [0x00000000d7500000,0x00000000d7500000,0x00000000d7c00000)
 ParOldGen       total 68608K, used 9765K [0x0000000080000000, 0x0000000084300000, 0x00000000d5580000)
  object space 68608K, 14% used [0x0000000080000000,0x00000000809897a8,0x0000000084300000)
 Metaspace       used 15634K, committed 16256K, reserved 1114112K
  class space    used 1617K, committed 1920K, reserved 1048576K
}
Event: 7.480 GC heap before
{Heap before GC invocations=6 (full 0):
 PSYoungGen      total 29184K, used 29162K [0x00000000d5580000, 0x00000000d7c00000, 0x0000000100000000)
  eden space 25088K, 100% used [0x00000000d5580000,0x00000000d6e00000,0x00000000d6e00000)
  from space 4096K, 99% used [0x00000000d6e80000,0x00000000d727a998,0x00000000d7280000)
  to   space 7168K, 0% used [0x00000000d7500000,0x00000000d7500000,0x00000000d7c00000)
 ParOldGen       total 68608K, used 9765K [0x0000000080000000, 0x0000000084300000, 0x00000000d5580000)
  object space 68608K, 14% used [0x0000000080000000,0x00000000809897a8,0x0000000084300000)
 Metaspace       used 18397K, committed 19200K, reserved 1114112K
  class space    used 1926K, committed 2304K, reserved 1048576K
}
Event: 7.510 GC heap after
{Heap after GC invocations=6 (full 0):
 PSYoungGen      total 29184K, used 4247K [0x00000000d5580000, 0x00000000d7980000, 0x0000000100000000)
  eden space 24576K, 0% used [0x00000000d5580000,0x00000000d5580000,0x00000000d6d80000)
  from space 4608K, 92% used [0x00000000d7500000,0x00000000d7925de0,0x00000000d7980000)
  to   space 5632K, 0% used [0x00000000d6e80000,0x00000000d6e80000,0x00000000d7400000)
 ParOldGen       total 68608K, used 9773K [0x0000000080000000, 0x0000000084300000, 0x00000000d5580000)
  object space 68608K, 14% used [0x0000000080000000,0x000000008098b7a8,0x0000000084300000)
 Metaspace       used 18397K, committed 19200K, reserved 1114112K
  class space    used 1926K, committed 2304K, reserved 1048576K
}
Event: 8.660 GC heap before
{Heap before GC invocations=7 (full 0):
 PSYoungGen      total 29184K, used 24991K [0x00000000d5580000, 0x00000000d7980000, 0x0000000100000000)
  eden space 24576K, 84% used [0x00000000d5580000,0x00000000d69c2158,0x00000000d6d80000)
  from space 4608K, 92% used [0x00000000d7500000,0x00000000d7925de0,0x00000000d7980000)
  to   space 5632K, 0% used [0x00000000d6e80000,0x00000000d6e80000,0x00000000d7400000)
 ParOldGen       total 68608K, used 9773K [0x0000000080000000, 0x0000000084300000, 0x00000000d5580000)
  object space 68608K, 14% used [0x0000000080000000,0x000000008098b7a8,0x0000000084300000)
 Metaspace       used 20710K, committed 21504K, reserved 1114112K
  class space    used 2171K, committed 2560K, reserved 1048576K
}
Event: 8.703 GC heap after
{Heap after GC invocations=7 (full 0):
 PSYoungGen      total 28672K, used 4086K [0x00000000d5580000, 0x00000000d7680000, 0x0000000100000000)
  eden space 24576K, 0% used [0x00000000d5580000,0x00000000d5580000,0x00000000d6d80000)
  from space 4096K, 99% used [0x00000000d6e80000,0x00000000d727dad8,0x00000000d7280000)
  to   space 4096K, 0% used [0x00000000d7280000,0x00000000d7280000,0x00000000d7680000)
 ParOldGen       total 68608K, used 11127K [0x0000000080000000, 0x0000000084300000, 0x00000000d5580000)
  object space 68608K, 16% used [0x0000000080000000,0x0000000080adde88,0x0000000084300000)
 Metaspace       used 20710K, committed 21504K, reserved 1114112K
  class space    used 2171K, committed 2560K, reserved 1048576K
}
Event: 8.703 GC heap before
{Heap before GC invocations=8 (full 1):
 PSYoungGen      total 28672K, used 4086K [0x00000000d5580000, 0x00000000d7680000, 0x0000000100000000)
  eden space 24576K, 0% used [0x00000000d5580000,0x00000000d5580000,0x00000000d6d80000)
  from space 4096K, 99% used [0x00000000d6e80000,0x00000000d727dad8,0x00000000d7280000)
  to   space 4096K, 0% used [0x00000000d7280000,0x00000000d7280000,0x00000000d7680000)
 ParOldGen       total 68608K, used 11127K [0x0000000080000000, 0x0000000084300000, 0x00000000d5580000)
  object space 68608K, 16% used [0x0000000080000000,0x0000000080adde88,0x0000000084300000)
 Metaspace       used 20710K, committed 21504K, reserved 1114112K
  class space    used 2171K, committed 2560K, reserved 1048576K
}

Dll operation events (9 events):
Event: 0.003 Loaded shared library /home/vanille/.vscode/extensions/redhat.java-1.55.0-linux-x64/jre/21.0.11-linux-x86_64/lib/libjava.so
Event: 0.079 Loaded shared library /home/vanille/.vscode/extensions/redhat.java-1.55.0-linux-x64/jre/21.0.11-linux-x86_64/lib/libzip.so
Event: 0.105 Loaded shared library /home/vanille/.vscode/extensions/redhat.java-1.55.0-linux-x64/jre/21.0.11-linux-x86_64/lib/libinstrument.so
Event: 0.109 Loaded shared library /home/vanille/.vscode/extensions/redhat.java-1.55.0-linux-x64/jre/21.0.11-linux-x86_64/lib/libnio.so
Event: 0.114 Loaded shared library /home/vanille/.vscode/extensions/redhat.java-1.55.0-linux-x64/jre/21.0.11-linux-x86_64/lib/libzip.so
Event: 0.139 Loaded shared library /home/vanille/.vscode/extensions/redhat.java-1.55.0-linux-x64/jre/21.0.11-linux-x86_64/lib/libjimage.so
Event: 0.233 Loaded shared library /home/vanille/.vscode/extensions/redhat.java-1.55.0-linux-x64/jre/21.0.11-linux-x86_64/lib/libverify.so
Event: 1.026 Loaded shared library /home/vanille/.vscode/extensions/redhat.java-1.55.0-linux-x64/jre/21.0.11-linux-x86_64/lib/libnet.so
Event: 1.522 Loaded shared library /home/vanille/.config/Code/User/globalStorage/redhat.java/1.55.0/config_linux/org.eclipse.equinox.launcher/org.eclipse.equinox.launcher.gtk.linux.x86_64_1.2.1600.v20260613-0559/eclipse_11924.so

Deoptimization events (20 events):
Event: 7.965 Thread 0x000070690444a9c0 Uncommon trap: trap_request=0xffffff45 fr.pc=0x00007068f990d8ec relative=0x000000000000042c
Event: 7.965 Thread 0x000070690444a9c0 Uncommon trap: reason=unstable_if action=reinterpret pc=0x00007068f990d8ec method=java.lang.StringLatin1.canEncode(C)Z @ 4 c2
Event: 7.965 Thread 0x000070690444a9c0 DEOPT PACKING pc=0x00007068f990d8ec sp=0x00007068a4fe9d60
Event: 7.965 Thread 0x000070690444a9c0 DEOPT UNPACKING pc=0x00007068f938d619 sp=0x00007068a4fe9c90 mode 2
Event: 7.965 Thread 0x000070690444a9c0 Uncommon trap: trap_request=0xffffff45 fr.pc=0x00007068f990ef48 relative=0x0000000000000408
Event: 7.965 Thread 0x000070690444a9c0 Uncommon trap: reason=unstable_if action=reinterpret pc=0x00007068f990ef48 method=java.lang.AbstractStringBuilder.isLatin1()Z @ 10 c2
Event: 7.965 Thread 0x000070690444a9c0 DEOPT PACKING pc=0x00007068f990ef48 sp=0x00007068a4fe9d70
Event: 7.965 Thread 0x000070690444a9c0 DEOPT UNPACKING pc=0x00007068f938d619 sp=0x00007068a4fe9d00 mode 2
Event: 7.965 Thread 0x000070690444a9c0 Uncommon trap: trap_request=0xffffff45 fr.pc=0x00007068f9999748 relative=0x0000000000000048
Event: 7.965 Thread 0x000070690444a9c0 Uncommon trap: reason=unstable_if action=reinterpret pc=0x00007068f9999748 method=java.lang.StringLatin1.canEncode(C)Z @ 4 c2
Event: 7.965 Thread 0x000070690444a9c0 DEOPT PACKING pc=0x00007068f9999748 sp=0x00007068a4fe9ce0
Event: 7.965 Thread 0x000070690444a9c0 DEOPT UNPACKING pc=0x00007068f938d619 sp=0x00007068a4fe9c88 mode 2
Event: 8.202 Thread 0x000070690444a9c0 DEOPT PACKING pc=0x00007068f233b416 sp=0x00007068a4feb5b0
Event: 8.202 Thread 0x000070690444a9c0 DEOPT UNPACKING pc=0x00007068f938e14f sp=0x00007068a4feaac8 mode 0
Event: 8.203 Thread 0x000070690444a9c0 DEOPT PACKING pc=0x00007068f233b416 sp=0x00007068a4feb5b0
Event: 8.203 Thread 0x000070690444a9c0 DEOPT UNPACKING pc=0x00007068f938e14f sp=0x00007068a4feaac8 mode 0
Event: 8.425 Thread 0x000070690444a9c0 Uncommon trap: trap_request=0xffffff45 fr.pc=0x00007068f9a0c2f4 relative=0x0000000000000b34
Event: 8.425 Thread 0x000070690444a9c0 Uncommon trap: reason=unstable_if action=reinterpret pc=0x00007068f9a0c2f4 method=jdk.internal.org.objectweb.asm.Frame.execute(IILjdk/internal/org/objectweb/asm/Symbol;Ljdk/internal/org/objectweb/asm/SymbolTable;)V @ 1 c2
Event: 8.425 Thread 0x000070690444a9c0 DEOPT PACKING pc=0x00007068f9a0c2f4 sp=0x00007068a4ff3b50
Event: 8.425 Thread 0x000070690444a9c0 DEOPT UNPACKING pc=0x00007068f938d619 sp=0x00007068a4ff3ad8 mode 2

Classes loaded (20 events):
Event: 8.226 Loading class javax/xml/transform/Source
Event: 8.227 Loading class javax/xml/transform/Source done
Event: 8.435 Loading class java/util/Collections$UnmodifiableSortedSet
Event: 8.436 Loading class java/util/Collections$UnmodifiableSortedSet done
Event: 8.584 Loading class java/io/StringReader
Event: 8.590 Loading class java/io/StringReader done
Event: 8.595 Loading class java/util/zip/GZIPInputStream
Event: 8.596 Loading class java/util/zip/GZIPInputStream done
Event: 8.626 Loading class java/util/zip/GZIPOutputStream
Event: 8.627 Loading class java/util/zip/GZIPOutputStream done
Event: 8.651 Loading class java/net/SocketTimeoutException
Event: 8.651 Loading class java/io/InterruptedIOException
Event: 8.651 Loading class java/io/InterruptedIOException done
Event: 8.651 Loading class java/net/SocketTimeoutException done
Event: 8.651 Loading class java/net/SocketException
Event: 8.651 Loading class java/net/SocketException done
Event: 8.651 Loading class java/net/UnknownHostException
Event: 8.652 Loading class java/net/UnknownHostException done
Event: 8.652 Loading class java/net/ProtocolException
Event: 8.652 Loading class java/net/ProtocolException done

Classes unloaded (7 events):
Event: 8.749 Thread 0x000070690416c520 Unloading class 0x00007068a81a5c00 'java/lang/invoke/LambdaForm$MH+0x00007068a81a5c00'
Event: 8.749 Thread 0x000070690416c520 Unloading class 0x00007068a81a5800 'java/lang/invoke/LambdaForm$MH+0x00007068a81a5800'
Event: 8.749 Thread 0x000070690416c520 Unloading class 0x00007068a81a5400 'java/lang/invoke/LambdaForm$MH+0x00007068a81a5400'
Event: 8.749 Thread 0x000070690416c520 Unloading class 0x00007068a81a5000 'java/lang/invoke/LambdaForm$MH+0x00007068a81a5000'
Event: 8.749 Thread 0x000070690416c520 Unloading class 0x00007068a81a4c00 'java/lang/invoke/LambdaForm$BMH+0x00007068a81a4c00'
Event: 8.749 Thread 0x000070690416c520 Unloading class 0x00007068a81a4800 'java/lang/invoke/LambdaForm$DMH+0x00007068a81a4800'
Event: 8.749 Thread 0x000070690416c520 Unloading class 0x00007068a81a3400 'java/lang/invoke/LambdaForm$DMH+0x00007068a81a3400'

Classes redefined (0 events):
No events

Internal exceptions (20 events):
Event: 6.372 Thread 0x000070690444a9c0 Exception <a 'java/lang/NoSuchMethodError'{0x00000000d5a42020}: 'java.lang.Object java.lang.invoke.DirectMethodHandle$Holder.invokeSpecial(java.lang.Object, java.lang.Object, java.lang.Object, long, java.lang.Object)'> (0x00000000d5a42020) 
thrown [src/hotspot/share/interpreter/linkResolver.cpp, line 772]
Event: 6.373 Thread 0x000070690444a9c0 Exception <a 'java/lang/NoSuchMethodError'{0x00000000d5a49868}: 'java.lang.Object java.lang.invoke.DirectMethodHandle$Holder.newInvokeSpecial(java.lang.Object, java.lang.Object, java.lang.Object, long)'> (0x00000000d5a49868) 
thrown [src/hotspot/share/interpreter/linkResolver.cpp, line 772]
Event: 6.378 Thread 0x000070690444a9c0 Exception <a 'java/lang/NoSuchMethodError'{0x00000000d5a4db58}: 'java.lang.Object java.lang.invoke.DirectMethodHandle$Holder.invokeSpecial(java.lang.Object, java.lang.Object, java.lang.Object, java.lang.Object, long)'> (0x00000000d5a4db58) 
thrown [src/hotspot/share/interpreter/linkResolver.cpp, line 772]
Event: 6.382 Thread 0x000070690444a9c0 Exception <a 'java/lang/NoSuchMethodError'{0x00000000d5a51778}: 'java.lang.Object java.lang.invoke.Invokers$Holder.linkToTargetMethod(java.lang.Object, java.lang.Object, long, java.lang.Object)'> (0x00000000d5a51778) 
thrown [src/hotspot/share/interpreter/linkResolver.cpp, line 772]
Event: 6.418 Thread 0x000070690444a9c0 Exception <a 'java/lang/NoSuchMethodError'{0x00000000d5ab2de0}: 'int java.lang.invoke.DirectMethodHandle$Holder.invokeStaticInit(java.lang.Object, java.lang.Object, java.lang.Object)'> (0x00000000d5ab2de0) 
thrown [src/hotspot/share/interpreter/linkResolver.cpp, line 772]
Event: 6.493 Thread 0x000070690444a9c0 Exception <a 'java/lang/IncompatibleClassChangeError'{0x00000000d5b78580}: Found class java.lang.Object, but interface was expected> (0x00000000d5b78580) 
thrown [src/hotspot/share/interpreter/linkResolver.cpp, line 840]
Event: 6.515 Thread 0x000070690444a9c0 Exception <a 'java/lang/NoSuchMethodError'{0x00000000d5b8cdc8}: 'java.lang.Object java.lang.invoke.DirectMethodHandle$Holder.invokeSpecial(java.lang.Object, java.lang.Object, java.lang.Object, int, java.lang.Object, java.lang.Object)'> (0x00000000d5b8cdc8) 
thrown [src/hotspot/share/interpreter/linkResolver.cpp, line 772]
Event: 6.517 Thread 0x000070690444a9c0 Exception <a 'java/lang/NoSuchMethodError'{0x00000000d5b947e0}: 'java.lang.Object java.lang.invoke.DirectMethodHandle$Holder.newInvokeSpecial(java.lang.Object, java.lang.Object, java.lang.Object, int, java.lang.Object)'> (0x00000000d5b947e0) 
thrown [src/hotspot/share/interpreter/linkResolver.cpp, line 772]
Event: 6.518 Thread 0x000070690444a9c0 Exception <a 'java/lang/NoSuchMethodError'{0x00000000d5b98760}: 'java.lang.Object java.lang.invoke.DirectMethodHandle$Holder.invokeSpecial(java.lang.Object, java.lang.Object, java.lang.Object, java.lang.Object, int, java.lang.Object)'> (0x00000000d5b98760) 
thrown [src/hotspot/share/interpreter/linkResolver.cpp, line 772]
Event: 6.525 Thread 0x000070690444a9c0 Exception <a 'java/lang/NoSuchMethodError'{0x00000000d5b9c2a0}: 'java.lang.Object java.lang.invoke.Invokers$Holder.linkToTargetMethod(java.lang.Object, java.lang.Object, int, java.lang.Object, java.lang.Object)'> (0x00000000d5b9c2a0) 
thrown [src/hotspot/share/interpreter/linkResolver.cpp, line 772]
Event: 6.527 Thread 0x0000706850376660 Exception <a 'java/lang/NoSuchMethodError'{0x00000000d5af92d0}: 'java.lang.Object java.lang.invoke.DirectMethodHandle$Holder.invokeSpecial(java.lang.Object, java.lang.Object, int, java.lang.Object, java.lang.Object)'> (0x00000000d5af92d0) 
thrown [src/hotspot/share/interpreter/linkResolver.cpp, line 772]
Event: 6.595 Thread 0x000070690444a9c0 Exception <a 'java/lang/NoSuchMethodError'{0x00000000d5cc5e70}: 'void java.lang.invoke.DirectMethodHandle$Holder.invokeSpecial(java.lang.Object, java.lang.Object, java.lang.Object, java.lang.Object, java.lang.Object)'> (0x00000000d5cc5e70) 
thrown [src/hotspot/share/interpreter/linkResolver.cpp, line 772]
Event: 7.078 Thread 0x000070690444a9c0 Exception <a 'java/lang/NoSuchMethodError'{0x00000000d6488460}: 'java.lang.Object java.lang.invoke.DirectMethodHandle$Holder.invokeInterface(java.lang.Object, java.lang.Object, java.lang.Object)'> (0x00000000d6488460) 
thrown [src/hotspot/share/interpreter/linkResolver.cpp, line 772]
Event: 7.285 Thread 0x000070690444a9c0 Exception <a 'java/lang/NoSuchMethodError'{0x00000000d699d928}: 'java.lang.Object java.lang.invoke.Invokers$Holder.linkToTargetMethod(java.lang.Object, long, java.lang.Object, java.lang.Object)'> (0x00000000d699d928) 
thrown [src/hotspot/share/interpreter/linkResolver.cpp, line 772]
Event: 7.738 Thread 0x000070690444a9c0 Exception <a 'java/io/FileNotFoundException'{0x00000000d5915ff8}> (0x00000000d5915ff8) 
thrown [src/hotspot/share/prims/jni.cpp, line 520]
Event: 7.743 Thread 0x000070690444a9c0 Exception <a 'java/lang/NoSuchMethodError'{0x00000000d591e710}: 'java.lang.Object java.lang.invoke.DirectMethodHandle$Holder.newInvokeSpecial(java.lang.Object, int, java.lang.Object, java.lang.Object)'> (0x00000000d591e710) 
thrown [src/hotspot/share/interpreter/linkResolver.cpp, line 772]
Event: 8.135 Thread 0x000070690444a9c0 Exception <a 'java/lang/NoSuchMethodError'{0x00000000d614a0d0}: 'void java.lang.invoke.DirectMethodHandle$Holder.invokeSpecial(java.lang.Object, java.lang.Object, java.lang.Object, int)'> (0x00000000d614a0d0) 
thrown [src/hotspot/share/interpreter/linkResolver.cpp, line 772]
Event: 8.149 Thread 0x000070690444a9c0 Exception <a 'java/lang/NoSuchMethodError'{0x00000000d61b01b8}: 'long java.lang.invoke.Invokers$Holder.invokeExact_MT(java.lang.Object, java.lang.Object)'> (0x00000000d61b01b8) 
thrown [src/hotspot/share/interpreter/linkResolver.cpp, line 772]
Event: 8.425 Thread 0x000070690444a9c0 Exception <a 'java/lang/NoSuchMethodError'{0x00000000d66776d8}: 'double java.lang.invoke.DirectMethodHandle$Holder.invokeStatic(java.lang.Object, java.lang.Object)'> (0x00000000d66776d8) 
thrown [src/hotspot/share/interpreter/linkResolver.cpp, line 772]
Event: 8.425 Thread 0x000070690444a9c0 Exception <a 'java/lang/NoSuchMethodError'{0x00000000d667ad68}: 'double java.lang.invoke.DirectMethodHandle$Holder.invokeStaticInit(java.lang.Object, java.lang.Object)'> (0x00000000d667ad68) 
thrown [src/hotspot/share/interpreter/linkResolver.cpp, line 772]

ZGC Phase Switch (0 events):
No events

VM Operations (20 events):
Event: 4.308 Executing safepoint VM operation: ParallelGCFailedAllocation (Allocation Failure) done
Event: 5.312 Executing safepoint VM operation: Cleanup
Event: 5.319 Executing safepoint VM operation: Cleanup done
Event: 5.817 Executing non-safepoint VM operation: HandshakeAllThreads (Deoptimize)
Event: 5.817 Executing non-safepoint VM operation: HandshakeAllThreads (Deoptimize) done
Event: 6.020 Executing safepoint VM operation: ParallelGCFailedAllocation (Allocation Failure)
Event: 6.050 Executing safepoint VM operation: ParallelGCFailedAllocation (Allocation Failure) done
Event: 6.849 Executing non-safepoint VM operation: HandshakeAllThreads (Deoptimize)
Event: 6.850 Executing non-safepoint VM operation: HandshakeAllThreads (Deoptimize) done
Event: 6.985 Executing non-safepoint VM operation: HandshakeAllThreads (Deoptimize)
Event: 6.985 Executing non-safepoint VM operation: HandshakeAllThreads (Deoptimize) done
Event: 7.011 Executing non-safepoint VM operation: HandshakeAllThreads (Deoptimize)
Event: 7.011 Executing non-safepoint VM operation: HandshakeAllThreads (Deoptimize) done
Event: 7.226 Executing safepoint VM operation: ICBufferFull
Event: 7.229 Executing safepoint VM operation: ICBufferFull done
Event: 7.480 Executing safepoint VM operation: ParallelGCFailedAllocation (Allocation Failure)
Event: 7.510 Executing safepoint VM operation: ParallelGCFailedAllocation (Allocation Failure) done
Event: 8.511 Executing safepoint VM operation: Cleanup
Event: 8.511 Executing safepoint VM operation: Cleanup done
Event: 8.659 Executing safepoint VM operation: CollectForMetadataAllocation (Metadata GC Threshold)

Memory protections (20 events):
Event: 0.034 Protecting memory [0x00007068a5b00000,0x00007068a5b04000] with protection modes 0
Event: 0.108 Protecting memory [0x00007068a5a00000,0x00007068a5a04000] with protection modes 0
Event: 0.232 Protecting memory [0x00007068a5900000,0x00007068a5904000] with protection modes 0
Event: 0.232 Protecting memory [0x00007068a5800000,0x00007068a5804000] with protection modes 0
Event: 0.309 Protecting memory [0x00007068a5700000,0x00007068a5704000] with protection modes 0
Event: 1.326 Protecting memory [0x00007068a52fd000,0x00007068a5301000] with protection modes 0
Event: 1.518 Protecting memory [0x00007068a51fd000,0x00007068a5201000] with protection modes 0
Event: 1.586 Protecting memory [0x00007068a4ffc000,0x00007068a5000000] with protection modes 0
Event: 1.593 Protecting memory [0x00007068a4efc000,0x00007068a4f00000] with protection modes 0
Event: 2.003 Protecting memory [0x00007068a4cfb000,0x00007068a4cff000] with protection modes 0
Event: 4.055 Protecting memory [0x00007068a5900000,0x00007068a5904000] with protection modes 0
Event: 4.326 Protecting memory [0x00007068a5800000,0x00007068a5804000] with protection modes 0
Event: 4.326 Protecting memory [0x00007068a4afa000,0x00007068a4afe000] with protection modes 0
Event: 5.092 Protecting memory [0x00007068a5800000,0x00007068a5804000] with protection modes 0
Event: 5.972 Protecting memory [0x00007068a4afa000,0x00007068a4afe000] with protection modes 0
Event: 5.993 Protecting memory [0x00007068a49fa000,0x00007068a49fe000] with protection modes 0
Event: 6.400 Protecting memory [0x00007068a47f9000,0x00007068a47fd000] with protection modes 0
Event: 6.532 Protecting memory [0x00007068a49fa000,0x00007068a49fe000] with protection modes 0
Event: 6.910 Protecting memory [0x00007068a4afa000,0x00007068a4afe000] with protection modes 0
Event: 7.207 Protecting memory [0x00007068a441d000,0x00007068a4421000] with protection modes 0

Nmethod flushes (0 events):
No events

Events (20 events):
Event: 1.586 Thread 0x00007069044479d0 Thread added: 0x0000706854025d70
Event: 1.593 Thread 0x000070690402acd0 Thread added: 0x000070690444a9c0
Event: 2.003 Thread 0x000070690444a9c0 Thread added: 0x000070685025ef50
Event: 2.300 Thread 0x00007068800c4640 Thread exited: 0x00007068800c4640
Event: 2.511 Thread 0x00007068800c3380 Thread exited: 0x00007068800c3380
Event: 4.055 Thread 0x000070690444a9c0 Thread added: 0x000070685042d1c0
Event: 4.326 Thread 0x000070690417cdf0 Thread added: 0x000070687c3103e0
Event: 4.326 Thread 0x000070690417cdf0 Thread added: 0x000070687c1a96f0
Event: 4.547 Thread 0x000070687c1a96f0 Thread exited: 0x000070687c1a96f0
Event: 4.617 Thread 0x000070687c3103e0 Thread exited: 0x000070687c3103e0
Event: 5.092 Thread 0x000070690444a9c0 Thread added: 0x00007068504d59c0
Event: 5.969 Thread 0x000070690417e480 Thread added: 0x0000706880206970
Event: 5.993 Thread 0x000070690417e480 Thread added: 0x0000706880208600
Event: 6.398 Thread 0x000070690444a9c0 Thread added: 0x0000706850376660
Event: 6.459 Thread 0x0000706880208600 Thread exited: 0x0000706880208600
Event: 6.531 Thread 0x000070690444a9c0 Thread added: 0x0000706850383950
Event: 6.628 Thread 0x0000706880206970 Thread exited: 0x0000706880206970
Event: 6.910 Thread 0x000070690417e480 Thread added: 0x000070688042de90
Event: 7.207 Thread 0x000070690417e480 Thread added: 0x0000706880617580
Event: 7.518 Thread 0x0000706880617580 Thread exited: 0x0000706880617580


Dynamic libraries:
80000000-84300000 rw-p 00000000 00:00 0 
84300000-d5580000 ---p 00000000 00:00 0 
d5580000-d7680000 rw-p 00000000 00:00 0 
d7680000-100000000 ---p 00000000 00:00 0 
5a8cbea1d000-5a8cbea1e000 r-xp 00000000 103:06 27962565                  /home/vanille/.vscode/extensions/redhat.java-1.55.0-linux-x64/jre/21.0.11-linux-x86_64/bin/java
5a8cbea1f000-5a8cbea20000 r--p 00001000 103:06 27962565                  /home/vanille/.vscode/extensions/redhat.java-1.55.0-linux-x64/jre/21.0.11-linux-x86_64/bin/java
5a8cbea20000-5a8cbea21000 rw-p 00002000 103:06 27962565                  /home/vanille/.vscode/extensions/redhat.java-1.55.0-linux-x64/jre/21.0.11-linux-x86_64/bin/java
5a8cf3dbc000-5a8cf3e03000 rw-p 00000000 00:00 0                          [heap]
70682c000000-70682c021000 rw-p 00000000 00:00 0 
70682c021000-706830000000 ---p 00000000 00:00 0 
706830000000-70683005c000 rw-p 00000000 00:00 0 
70683005c000-706834000000 ---p 00000000 00:00 0 
706834000000-7068341ea000 rw-p 00000000 00:00 0 
7068341ea000-706838000000 ---p 00000000 00:00 0 
706838000000-706838021000 rw-p 00000000 00:00 0 
706838021000-70683c000000 ---p 00000000 00:00 0 
70683c000000-70683c0d6000 rw-p 00000000 00:00 0 
70683c0d6000-706840000000 ---p 00000000 00:00 0 
706840000000-7068403f0000 rw-p 00000000 00:00 0 
7068403f0000-706844000000 ---p 00000000 00:00 0 
706844000000-706844021000 rw-p 00000000 00:00 0 
706844021000-706848000000 ---p 00000000 00:00 0 
706848000000-706848021000 rw-p 00000000 00:00 0 
706848021000-70684c000000 ---p 00000000 00:00 0 
70684c000000-70684c021000 rw-p 00000000 00:00 0 
70684c021000-706850000000 ---p 00000000 00:00 0 
706850000000-7068508bf000 rw-p 00000000 00:00 0 
7068508bf000-706854000000 ---p 00000000 00:00 0 
706854000000-706854030000 rw-p 00000000 00:00 0 
706854030000-706858000000 ---p 00000000 00:00 0 
706858000000-706858021000 rw-p 00000000 00:00 0 
706858021000-70685c000000 ---p 00000000 00:00 0 
70685c000000-70685c021000 rw-p 00000000 00:00 0 
70685c021000-706860000000 ---p 00000000 00:00 0 
706860000000-706860021000 rw-p 00000000 00:00 0 
706860021000-706864000000 ---p 00000000 00:00 0 
706864000000-706864021000 rw-p 00000000 00:00 0 
706864021000-706868000000 ---p 00000000 00:00 0 
706868000000-706868021000 rw-p 00000000 00:00 0 
706868021000-70686c000000 ---p 00000000 00:00 0 
70686c000000-70686c35f000 rw-p 00000000 00:00 0 
70686c35f000-706870000000 ---p 00000000 00:00 0 
706870000000-706870021000 rw-p 00000000 00:00 0 
706870021000-706874000000 ---p 00000000 00:00 0 
706874000000-706874021000 rw-p 00000000 00:00 0 
706874021000-706878000000 ---p 00000000 00:00 0 
706878000000-7068783ee000 rw-p 00000000 00:00 0 
7068783ee000-70687c000000 ---p 00000000 00:00 0 
70687c000000-70687d0ff000 rw-p 00000000 00:00 0 
70687d0ff000-706880000000 ---p 00000000 00:00 0 
706880000000-7068806c5000 rw-p 00000000 00:00 0 
7068806c5000-706884000000 ---p 00000000 00:00 0 
706884000000-706884021000 rw-p 00000000 00:00 0 
706884021000-706888000000 ---p 00000000 00:00 0 
706888000000-706888021000 rw-p 00000000 00:00 0 
706888021000-70688c000000 ---p 00000000 00:00 0 
70688c000000-70688c021000 rw-p 00000000 00:00 0 
70688c021000-706890000000 ---p 00000000 00:00 0 
706890000000-706890021000 rw-p 00000000 00:00 0 
706890021000-706894000000 ---p 00000000 00:00 0 
706894000000-70689402c000 rw-p 00000000 00:00 0 
70689402c000-706898000000 ---p 00000000 00:00 0 
706898000000-706898021000 rw-p 00000000 00:00 0 
706898021000-70689c000000 ---p 00000000 00:00 0 
70689c000000-70689c400000 rw-p 00000000 00:00 0 
70689c400000-70689c7c0000 rw-p 00000000 00:00 0 
70689c7c0000-70689c800000 rw-p 00000000 00:00 0 
70689c800000-70689c900000 rw-p 00000000 00:00 0 
70689c900000-70689cb00000 rw-p 00000000 00:00 0 
70689cb00000-70689cc00000 rw-p 00000000 00:00 0 
70689cc00000-70689d180000 rw-p 00000000 00:00 0 
70689d180000-70689d1c0000 rw-p 00000000 00:00 0 
70689d1c0000-70689d200000 ---p 00000000 00:00 0 
70689d200000-70689d2c0000 rw-p 00000000 00:00 0 
70689d2c0000-7068a0000000 ---p 00000000 00:00 0 
7068a0000000-7068a0021000 rw-p 00000000 00:00 0 
7068a0021000-7068a4000000 ---p 00000000 00:00 0 
7068a4136000-7068a441d000 rw-p 00000000 00:00 0 
7068a441d000-7068a4421000 ---p 00000000 00:00 0 
7068a4421000-7068a451d000 rw-p 00000000 00:00 0 
7068a4674000-7068a47f9000 rw-p 00000000 00:00 0 
7068a47f9000-7068a47fd000 ---p 00000000 00:00 0 
7068a47fd000-7068a48f9000 rw-p 00000000 00:00 0 
7068a48f9000-7068a48fa000 ---p 00000000 00:00 0 
7068a48fa000-7068a49fa000 rw-p 00000000 00:00 0 
7068a49fa000-7068a49fe000 ---p 00000000 00:00 0 
7068a49fe000-7068a4afa000 rw-p 00000000 00:00 0 
7068a4afa000-7068a4afe000 ---p 00000000 00:00 0 
7068a4afe000-7068a4bfa000 rw-p 00000000 00:00 0 
7068a4bfa000-7068a4bfb000 ---p 00000000 00:00 0 
7068a4bfb000-7068a4cfb000 rw-p 00000000 00:00 0 
7068a4cfb000-7068a4cff000 ---p 00000000 00:00 0 
7068a4cff000-7068a4dfb000 rw-p 00000000 00:00 0 
7068a4dfb000-7068a4dfc000 ---p 00000000 00:00 0 
7068a4dfc000-7068a4efc000 rw-p 00000000 00:00 0 
7068a4efc000-7068a4f00000 ---p 00000000 00:00 0 
7068a4f00000-7068a4ffc000 rw-p 00000000 00:00 0 
7068a4ffc000-7068a5000000 ---p 00000000 00:00 0 
7068a5000000-7068a50fc000 rw-p 00000000 00:00 0 
7068a50fc000-7068a50fd000 ---p 00000000 00:00 0 
7068a50fd000-7068a51fd000 rw-p 00000000 00:00 0 
7068a51fd000-7068a5201000 ---p 00000000 00:00 0 
7068a5201000-7068a52fd000 rw-p 00000000 00:00 0 
7068a52fd000-7068a5301000 ---p 00000000 00:00 0 
7068a5301000-7068a53fd000 rw-p 00000000 00:00 0 
7068a53fd000-7068a53fe000 ---p 00000000 00:00 0 
7068a53fe000-7068a54fe000 rw-p 00000000 00:00 0 
7068a54fe000-7068a54ff000 ---p 00000000 00:00 0 
7068a54ff000-7068a55ff000 rw-p 00000000 00:00 0 
7068a55ff000-7068a5600000 ---p 00000000 00:00 0 
7068a5600000-7068a5700000 rw-p 00000000 00:00 0 
7068a5700000-7068a5704000 ---p 00000000 00:00 0 
7068a5704000-7068a5800000 rw-p 00000000 00:00 0 
7068a5800000-7068a5804000 ---p 00000000 00:00 0 
7068a5804000-7068a5900000 rw-p 00000000 00:00 0 
7068a5900000-7068a5904000 ---p 00000000 00:00 0 
7068a5904000-7068a5a00000 rw-p 00000000 00:00 0 
7068a5a00000-7068a5a04000 ---p 00000000 00:00 0 
7068a5a04000-7068a5b00000 rw-p 00000000 00:00 0 
7068a5b00000-7068a5b04000 ---p 00000000 00:00 0 
7068a5b04000-7068a5c00000 rw-p 00000000 00:00 0 
7068a5c00000-7068a5c04000 ---p 00000000 00:00 0 
7068a5c04000-7068a5d00000 rw-p 00000000 00:00 0 
7068a5d00000-7068a5d04000 ---p 00000000 00:00 0 
7068a5d04000-7068a5e00000 rw-p 00000000 00:00 0 
7068a5e00000-7068a5e04000 ---p 00000000 00:00 0 
7068a5e04000-7068a5f00000 rw-p 00000000 00:00 0 
7068a5f00000-7068a5f04000 ---p 00000000 00:00 0 
7068a5f04000-7068a6000000 rw-p 00000000 00:00 0 
7068a6000000-7068a6004000 ---p 00000000 00:00 0 
7068a6004000-7068a6100000 rw-p 00000000 00:00 0 
7068a6100000-7068a6104000 ---p 00000000 00:00 0 
7068a6104000-7068a6200000 rw-p 00000000 00:00 0 
7068a6200000-7068a6775000 r--p 00000000 103:06 25952644                  /usr/lib/locale/locale-archive
7068a67f8000-7068a67f9000 ---p 00000000 00:00 0 
7068a67f9000-7068a68f9000 rw-p 00000000 00:00 0 
7068a68f9000-7068a7000000 rw-p 00000000 00:00 0 
7068a7000000-7068a7bba000 rw-p 00001000 103:06 28093436                  /home/vanille/.vscode/extensions/redhat.java-1.55.0-linux-x64/jre/21.0.11-linux-x86_64/lib/server/classes.jsa
7068a7bba000-7068a8000000 ---p 00000000 00:00 0 
7068a8000000-7068a8040000 rw-p 00000000 00:00 0 
7068a8040000-7068a80c0000 rw-p 00000000 00:00 0 
7068a80c0000-7068a8100000 rw-p 00000000 00:00 0 
7068a8100000-7068a81e0000 rw-p 00000000 00:00 0 
7068a81e0000-7068a8200000 ---p 00000000 00:00 0 
7068a8200000-7068a82a0000 rw-p 00000000 00:00 0 
7068a82a0000-7068e8000000 ---p 00000000 00:00 0 
7068e8000000-7068ec021000 rw-p 00000000 00:00 0 
7068ec021000-7068f0000000 ---p 00000000 00:00 0 
7068f00ef000-7068f1600000 rw-p 00000000 00:00 0 
7068f1653000-7068f1654000 ---p 00000000 00:00 0 
7068f1654000-7068f1754000 rw-p 00000000 00:00 0 
7068f1754000-7068f1776000 rw-p 00000000 00:00 0 
7068f1776000-7068f19ff000 ---p 00000000 00:00 0 
7068f19ff000-7068f1a21000 rw-p 00000000 00:00 0 
7068f1a21000-7068f1ca9000 ---p 00000000 00:00 0 
7068f1ca9000-7068f1cbb000 rw-p 00000000 00:00 0 
7068f1cbb000-7068f1e00000 ---p 00000000 00:00 0 
7068f1e00000-7068f24b0000 rwxp 00000000 00:00 0 
7068f24b0000-7068f9337000 ---p 00000000 00:00 0 
7068f9337000-7068f95a7000 rwxp 00000000 00:00 0 
7068f95a7000-7068f98c9000 ---p 00000000 00:00 0 
7068f98c9000-7068f9b39000 rwxp 00000000 00:00 0 
7068f9b39000-706900e00000 ---p 00000000 00:00 0 
706900e00000-706903fe0000 r--s 00000000 103:06 27962247                  /home/vanille/.vscode/extensions/redhat.java-1.55.0-linux-x64/jre/21.0.11-linux-x86_64/lib/modules
706904000000-706904477000 rw-p 00000000 00:00 0 
706904477000-706908000000 ---p 00000000 00:00 0 
706908032000-706908036000 r--p 00000000 103:06 28611705                  /home/vanille/.config/Code/User/globalStorage/redhat.java/1.55.0/config_linux/org.eclipse.equinox.launcher/org.eclipse.equinox.launcher.gtk.linux.x86_64_1.2.1600.v20260613-0559/eclipse_11924.so
706908036000-706908040000 r-xp 00004000 103:06 28611705                  /home/vanille/.config/Code/User/globalStorage/redhat.java/1.55.0/config_linux/org.eclipse.equinox.launcher/org.eclipse.equinox.launcher.gtk.linux.x86_64_1.2.1600.v20260613-0559/eclipse_11924.so
706908040000-706908043000 r--p 0000e000 103:06 28611705                  /home/vanille/.config/Code/User/globalStorage/redhat.java/1.55.0/config_linux/org.eclipse.equinox.launcher/org.eclipse.equinox.launcher.gtk.linux.x86_64_1.2.1600.v20260613-0559/eclipse_11924.so
706908043000-706908044000 r--p 00010000 103:06 28611705                  /home/vanille/.config/Code/User/globalStorage/redhat.java/1.55.0/config_linux/org.eclipse.equinox.launcher/org.eclipse.equinox.launcher.gtk.linux.x86_64_1.2.1600.v20260613-0559/eclipse_11924.so
706908044000-706908045000 rw-p 00011000 103:06 28611705                  /home/vanille/.config/Code/User/globalStorage/redhat.java/1.55.0/config_linux/org.eclipse.equinox.launcher/org.eclipse.equinox.launcher.gtk.linux.x86_64_1.2.1600.v20260613-0559/eclipse_11924.so
706908045000-706908046000 rw-p 00000000 00:00 0 
706908046000-706908053000 r-xp 00000000 103:06 27962249                  /home/vanille/.vscode/extensions/redhat.java-1.55.0-linux-x64/jre/21.0.11-linux-x86_64/lib/libverify.so
706908053000-706908055000 r--p 0000c000 103:06 27962249                  /home/vanille/.vscode/extensions/redhat.java-1.55.0-linux-x64/jre/21.0.11-linux-x86_64/lib/libverify.so
706908055000-706908056000 rw-p 0000e000 103:06 27962249                  /home/vanille/.vscode/extensions/redhat.java-1.55.0-linux-x64/jre/21.0.11-linux-x86_64/lib/libverify.so
706908056000-706908062000 r-xp 00000000 103:06 27962257                  /home/vanille/.vscode/extensions/redhat.java-1.55.0-linux-x64/jre/21.0.11-linux-x86_64/lib/libnet.so
706908062000-706908063000 r--p 0000b000 103:06 27962257                  /home/vanille/.vscode/extensions/redhat.java-1.55.0-linux-x64/jre/21.0.11-linux-x86_64/lib/libnet.so
706908063000-706908064000 rw-p 0000c000 103:06 27962257                  /home/vanille/.vscode/extensions/redhat.java-1.55.0-linux-x64/jre/21.0.11-linux-x86_64/lib/libnet.so
706908064000-706908140000 rw-p 00000000 00:00 0 
706908140000-706908141000 ---p 00000000 00:00 0 
706908141000-706908241000 rw-p 00000000 00:00 0 
706908241000-706908246000 rw-p 00000000 00:00 0 
706908246000-70690832c000 ---p 00000000 00:00 0 
70690832c000-70690833a000 rw-p 00000000 00:00 0 
70690833a000-706908417000 ---p 00000000 00:00 0 
706908417000-70690841b000 ---p 00000000 00:00 0 
70690841b000-706908517000 rw-p 00000000 00:00 0 
706908517000-706908527000 r--p 00000000 103:06 25993751                  /usr/lib/x86_64-linux-gnu/libm.so.6
706908527000-7069085a6000 r-xp 00010000 103:06 25993751                  /usr/lib/x86_64-linux-gnu/libm.so.6
7069085a6000-7069085fe000 r--p 0008f000 103:06 25993751                  /usr/lib/x86_64-linux-gnu/libm.so.6
7069085fe000-7069085ff000 r--p 000e7000 103:06 25993751                  /usr/lib/x86_64-linux-gnu/libm.so.6
7069085ff000-706908600000 rw-p 000e8000 103:06 25993751                  /usr/lib/x86_64-linux-gnu/libm.so.6
706908600000-706909a35000 r-xp 00000000 103:06 28093433                  /home/vanille/.vscode/extensions/redhat.java-1.55.0-linux-x64/jre/21.0.11-linux-x86_64/lib/server/libjvm.so
706909a35000-706909b0a000 r--p 01434000 103:06 28093433                  /home/vanille/.vscode/extensions/redhat.java-1.55.0-linux-x64/jre/21.0.11-linux-x86_64/lib/server/libjvm.so
706909b0a000-706909b3a000 rw-p 01509000 103:06 28093433                  /home/vanille/.vscode/extensions/redhat.java-1.55.0-linux-x64/jre/21.0.11-linux-x86_64/lib/server/libjvm.so
706909b3a000-706909ba0000 rw-p 00000000 00:00 0 
706909ba2000-706909ba9000 r--s 00000000 103:06 25993737                  /usr/lib/x86_64-linux-gnu/gconv/gconv-modules.cache
706909ba9000-706909bbd000 r-xp 00000000 103:06 27962256                  /home/vanille/.vscode/extensions/redhat.java-1.55.0-linux-x64/jre/21.0.11-linux-x86_64/lib/libnio.so
706909bbd000-706909bbe000 r--p 00013000 103:06 27962256                  /home/vanille/.vscode/extensions/redhat.java-1.55.0-linux-x64/jre/21.0.11-linux-x86_64/lib/libnio.so
706909bbe000-706909bbf000 rw-p 00014000 103:06 27962256                  /home/vanille/.vscode/extensions/redhat.java-1.55.0-linux-x64/jre/21.0.11-linux-x86_64/lib/libnio.so
706909bbf000-706909c00000 rw-p 00000000 00:00 0 
706909c00000-706909c28000 r--p 00000000 103:06 25993748                  /usr/lib/x86_64-linux-gnu/libc.so.6
706909c28000-706909db0000 r-xp 00028000 103:06 25993748                  /usr/lib/x86_64-linux-gnu/libc.so.6
706909db0000-706909dff000 r--p 001b0000 103:06 25993748                  /usr/lib/x86_64-linux-gnu/libc.so.6
706909dff000-706909e03000 r--p 001fe000 103:06 25993748                  /usr/lib/x86_64-linux-gnu/libc.so.6
706909e03000-706909e05000 rw-p 00202000 103:06 25993748                  /usr/lib/x86_64-linux-gnu/libc.so.6
706909e05000-706909e12000 rw-p 00000000 00:00 0 
706909e14000-706909e2f000 r-xp 00000000 103:06 27962248                  /home/vanille/.vscode/extensions/redhat.java-1.55.0-linux-x64/jre/21.0.11-linux-x86_64/lib/libzip.so
706909e2f000-706909e30000 r--p 0001a000 103:06 27962248                  /home/vanille/.vscode/extensions/redhat.java-1.55.0-linux-x64/jre/21.0.11-linux-x86_64/lib/libzip.so
706909e30000-706909e31000 rw-p 0001b000 103:06 27962248                  /home/vanille/.vscode/extensions/redhat.java-1.55.0-linux-x64/jre/21.0.11-linux-x86_64/lib/libzip.so
706909e31000-706909e5e000 rw-p 00000000 00:00 0 
706909e5e000-706909e65000 ---p 00000000 00:00 0 
706909e65000-706909e6d000 rw-s 00000000 103:06 19137528                  /tmp/hsperfdata_vanille/30258
706909e6d000-706909e8e000 r-xp 00000000 103:06 27962389                  /home/vanille/.vscode/extensions/redhat.java-1.55.0-linux-x64/jre/21.0.11-linux-x86_64/lib/libjava.so
706909e8e000-706909e8f000 r--p 00020000 103:06 27962389                  /home/vanille/.vscode/extensions/redhat.java-1.55.0-linux-x64/jre/21.0.11-linux-x86_64/lib/libjava.so
706909e8f000-706909e90000 rw-p 00021000 103:06 27962389                  /home/vanille/.vscode/extensions/redhat.java-1.55.0-linux-x64/jre/21.0.11-linux-x86_64/lib/libjava.so
706909e90000-706909e91000 rw-p 00000000 00:00 0 
706909e91000-706909eac000 r-xp 00000000 103:06 27962267                  /home/vanille/.vscode/extensions/redhat.java-1.55.0-linux-x64/jre/21.0.11-linux-x86_64/lib/libjimage.so
706909eac000-706909ead000 ---p 0001b000 103:06 27962267                  /home/vanille/.vscode/extensions/redhat.java-1.55.0-linux-x64/jre/21.0.11-linux-x86_64/lib/libjimage.so
706909ead000-706909eaf000 r--p 0001b000 103:06 27962267                  /home/vanille/.vscode/extensions/redhat.java-1.55.0-linux-x64/jre/21.0.11-linux-x86_64/lib/libjimage.so
706909eaf000-706909eb0000 rw-p 0001d000 103:06 27962267                  /home/vanille/.vscode/extensions/redhat.java-1.55.0-linux-x64/jre/21.0.11-linux-x86_64/lib/libjimage.so
706909eb0000-706909eb1000 r--p 00000000 103:06 25993762                  /usr/lib/x86_64-linux-gnu/librt.so.1
706909eb1000-706909eb2000 r-xp 00001000 103:06 25993762                  /usr/lib/x86_64-linux-gnu/librt.so.1
706909eb2000-706909eb3000 r--p 00002000 103:06 25993762                  /usr/lib/x86_64-linux-gnu/librt.so.1
706909eb3000-706909eb4000 r--p 00002000 103:06 25993762                  /usr/lib/x86_64-linux-gnu/librt.so.1
706909eb4000-706909eb5000 rw-p 00003000 103:06 25993762                  /usr/lib/x86_64-linux-gnu/librt.so.1
706909eb5000-706909eb7000 rw-p 00000000 00:00 0 
706909eb7000-706909eb8000 r--p 00000000 103:06 25993750                  /usr/lib/x86_64-linux-gnu/libdl.so.2
706909eb8000-706909eb9000 r-xp 00001000 103:06 25993750                  /usr/lib/x86_64-linux-gnu/libdl.so.2
706909eb9000-706909eba000 r--p 00002000 103:06 25993750                  /usr/lib/x86_64-linux-gnu/libdl.so.2
706909eba000-706909ebb000 r--p 00002000 103:06 25993750                  /usr/lib/x86_64-linux-gnu/libdl.so.2
706909ebb000-706909ebc000 rw-p 00003000 103:06 25993750                  /usr/lib/x86_64-linux-gnu/libdl.so.2
706909ebc000-706909ebd000 r--p 00000000 103:06 25993760                  /usr/lib/x86_64-linux-gnu/libpthread.so.0
706909ebd000-706909ebe000 r-xp 00001000 103:06 25993760                  /usr/lib/x86_64-linux-gnu/libpthread.so.0
706909ebe000-706909ebf000 r--p 00002000 103:06 25993760                  /usr/lib/x86_64-linux-gnu/libpthread.so.0
706909ebf000-706909ec0000 r--p 00002000 103:06 25993760                  /usr/lib/x86_64-linux-gnu/libpthread.so.0
706909ec0000-706909ec1000 rw-p 00003000 103:06 25993760                  /usr/lib/x86_64-linux-gnu/libpthread.so.0
706909ec7000-706909ed1000 r-xp 00000000 103:06 27962396                  /home/vanille/.vscode/extensions/redhat.java-1.55.0-linux-x64/jre/21.0.11-linux-x86_64/lib/libinstrument.so
706909ed1000-706909ed2000 ---p 0000a000 103:06 27962396                  /home/vanille/.vscode/extensions/redhat.java-1.55.0-linux-x64/jre/21.0.11-linux-x86_64/lib/libinstrument.so
706909ed2000-706909ed3000 r--p 0000a000 103:06 27962396                  /home/vanille/.vscode/extensions/redhat.java-1.55.0-linux-x64/jre/21.0.11-linux-x86_64/lib/libinstrument.so
706909ed3000-706909ed4000 rw-p 0000b000 103:06 27962396                  /home/vanille/.vscode/extensions/redhat.java-1.55.0-linux-x64/jre/21.0.11-linux-x86_64/lib/libinstrument.so
706909ed4000-706909ed5000 ---p 00000000 00:00 0 
706909ed5000-706909ed6000 r--p 00000000 00:00 0 
706909ed6000-706909ed7000 ---p 00000000 00:00 0 
706909ed7000-706909ef0000 r-xp 00000000 103:06 27962266                  /home/vanille/.vscode/extensions/redhat.java-1.55.0-linux-x64/jre/21.0.11-linux-x86_64/lib/libjli.so
706909ef0000-706909ef1000 r--p 00018000 103:06 27962266                  /home/vanille/.vscode/extensions/redhat.java-1.55.0-linux-x64/jre/21.0.11-linux-x86_64/lib/libjli.so
706909ef1000-706909ef2000 rw-p 00019000 103:06 27962266                  /home/vanille/.vscode/extensions/redhat.java-1.55.0-linux-x64/jre/21.0.11-linux-x86_64/lib/libjli.so
706909ef2000-706909ef4000 rw-p 00000000 00:00 0 
706909ef4000-706909ef8000 r--p 00000000 00:00 0                          [vvar]
706909ef8000-706909efa000 r--p 00000000 00:00 0                          [vvar_vclock]
706909efa000-706909efc000 r-xp 00000000 00:00 0                          [vdso]
706909efc000-706909efd000 r--p 00000000 103:06 25993745                  /usr/lib/x86_64-linux-gnu/ld-linux-x86-64.so.2
706909efd000-706909f28000 r-xp 00001000 103:06 25993745                  /usr/lib/x86_64-linux-gnu/ld-linux-x86-64.so.2
706909f28000-706909f32000 r--p 0002c000 103:06 25993745                  /usr/lib/x86_64-linux-gnu/ld-linux-x86-64.so.2
706909f32000-706909f34000 r--p 00036000 103:06 25993745                  /usr/lib/x86_64-linux-gnu/ld-linux-x86-64.so.2
706909f34000-706909f36000 rw-p 00038000 103:06 25993745                  /usr/lib/x86_64-linux-gnu/ld-linux-x86-64.so.2
7ffd83e73000-7ffd83e95000 rw-p 00000000 00:00 0                          [stack]
ffffffffff600000-ffffffffff601000 --xp 00000000 00:00 0                  [vsyscall]
Total number of mappings: 258

JVMTI agents:
/home/vanille/.vscode/extensions/redhat.java-1.55.0-linux-x64/lombok/lombok-1.18.39-4050.jar path:none, loaded, initialized, instrumentlib options:none


VM Arguments:
jvm_args: --add-modules=ALL-SYSTEM --add-opens=java.base/java.util=ALL-UNNAMED --add-opens=java.base/java.lang=ALL-UNNAMED --add-opens=java.base/sun.nio.fs=ALL-UNNAMED -Declipse.application=org.eclipse.jdt.ls.core.id1 -Dosgi.bundles.defaultStartLevel=4 -Declipse.product=org.eclipse.jdt.ls.core.product -Djava.import.generatesMetadataFilesAtProjectRoot=false -DDetectVMInstallationsJob.disabled=true -Dfile.encoding=utf8 -XX:+UseParallelGC -XX:GCTimeRatio=4 -XX:AdaptiveSizePolicyWeight=90 -Dsun.zip.disableMemoryMapping=true -Xmx2G -Xms100m -Xlog:disable -javaagent:/home/vanille/.vscode/extensions/redhat.java-1.55.0-linux-x64/lombok/lombok-1.18.39-4050.jar -XX:+HeapDumpOnOutOfMemoryError -XX:HeapDumpPath=/home/vanille/.config/Code/User/workspaceStorage/9913df0f754b0f2475124f58cd073146/redhat.java -Daether.dependencyCollector.impl=bf 
java_command: /home/vanille/.vscode/extensions/redhat.java-1.55.0-linux-x64/server/plugins/org.eclipse.equinox.launcher_1.7.200.v20260619-2039.jar -configuration /home/vanille/.config/Code/User/globalStorage/redhat.java/1.55.0/config_linux -data /home/vanille/.config/Code/User/workspaceStorage/9913df0f754b0f2475124f58cd073146/redhat.java/jdt_ws --pipe=/run/user/1000/lsp-4743b76ebcfa94440404d6d4dc316588.sock
java_class_path (initial): /home/vanille/.vscode/extensions/redhat.java-1.55.0-linux-x64/server/plugins/org.eclipse.equinox.launcher_1.7.200.v20260619-2039.jar
Launcher Type: SUN_STANDARD

[Global flags]
    uintx AdaptiveSizePolicyWeight                 = 90                                        {product} {command line}
     intx CICompilerCount                          = 4                                         {product} {ergonomic}
    uintx GCTimeRatio                              = 4                                         {product} {command line}
     bool HeapDumpOnOutOfMemoryError               = true                                   {manageable} {command line}
    ccstr HeapDumpPath                             = /home/vanille/.config/Code/User/workspaceStorage/9913df0f754b0f2475124f58cd073146/redhat.java         {manageable} {command line}
   size_t InitialHeapSize                          = 104857600                                 {product} {command line}
   size_t MaxHeapSize                              = 2147483648                                {product} {command line}
   size_t MaxNewSize                               = 715653120                                 {product} {ergonomic}
   size_t MinHeapDeltaBytes                        = 524288                                    {product} {ergonomic}
   size_t MinHeapSize                              = 104857600                                 {product} {command line}
   size_t NewSize                                  = 34603008                                  {product} {ergonomic}
    uintx NonNMethodCodeHeapSize                   = 5839372                                {pd product} {ergonomic}
    uintx NonProfiledCodeHeapSize                  = 122909434                              {pd product} {ergonomic}
   size_t OldSize                                  = 70254592                                  {product} {ergonomic}
    uintx ProfiledCodeHeapSize                     = 122909434                              {pd product} {ergonomic}
    uintx ReservedCodeCacheSize                    = 251658240                              {pd product} {ergonomic}
     bool SegmentedCodeCache                       = true                                      {product} {ergonomic}
   size_t SoftMaxHeapSize                          = 2147483648                             {manageable} {ergonomic}
     bool UseCompressedOops                        = true                           {product lp64_product} {ergonomic}
     bool UseParallelGC                            = true                                      {product} {command line}

Logging:
Log output configuration:
 #0: stdout all=off uptime,level,tags foldmultilines=false
 #1: stderr all=off uptime,level,tags foldmultilines=false

Release file:
JAVA_VERSION="21.0.11"
MODULES="java.base java.compiler java.datatransfer java.xml java.prefs java.desktop java.instrument java.logging java.management java.security.sasl java.naming java.rmi java.management.rmi java.net.http java.scripting java.security.jgss java.transaction.xa java.sql java.sql.rowset java.xml.crypto java.se java.smartcardio jdk.accessibility jdk.internal.jvmstat jdk.attach jdk.charsets jdk.internal.opt jdk.zipfs jdk.compiler jdk.crypto.ec jdk.crypto.cryptoki jdk.dynalink jdk.internal.ed jdk.editpad jdk.hotspot.agent jdk.httpserver jdk.internal.le jdk.internal.vm.ci jdk.internal.vm.compiler jdk.internal.vm.compiler.management jdk.jartool jdk.javadoc jdk.jcmd jdk.management jdk.management.agent jdk.jconsole jdk.jdeps jdk.jdwp.agent jdk.jdi jdk.jfr jdk.jshell jdk.jsobject jdk.jstatd jdk.localedata jdk.management.jfr jdk.naming.dns jdk.naming.rmi jdk.net jdk.nio.mapmode jdk.random jdk.sctp jdk.security.auth jdk.security.jgss jdk.unsupported jdk.unsupported.desktop jdk.xml.dom"

Environment Variables:
PATH=/opt/gradle/gradle-9.5.1/bin:/home/vanille/.nvm/versions/node/v22.22.3/bin:/usr/local/sbin:/usr/local/bin:/usr/sbin:/usr/bin:/sbin:/bin:/usr/games:/usr/local/games:/snap/bin:/snap/bin
USERNAME=vanille
SHELL=/bin/bash
DISPLAY=:0
WAYLAND_DISPLAY=wayland-0
LANG=en_US.UTF-8

Active Locale:
LC_ALL=en_US.UTF-8
LC_COLLATE=en_US.UTF-8
LC_CTYPE=en_US.UTF-8
LC_MESSAGES=en_US.UTF-8
LC_MONETARY=en_US.UTF-8
LC_NUMERIC=en_US.UTF-8
LC_TIME=en_US.UTF-8

Signal Handlers:
   SIGSEGV: crash_handler in libjvm.so, mask=11100100010111111101111111111110, flags=SA_RESTART|SA_SIGINFO, unblocked
    SIGBUS: crash_handler in libjvm.so, mask=11100100010111111101111111111110, flags=SA_RESTART|SA_SIGINFO, unblocked
    SIGFPE: crash_handler in libjvm.so, mask=11100100010111111101111111111110, flags=SA_RESTART|SA_SIGINFO, unblocked
   SIGPIPE: javaSignalHandler in libjvm.so, mask=11100100010111111101111111111110, flags=SA_RESTART|SA_SIGINFO, blocked
   SIGXFSZ: javaSignalHandler in libjvm.so, mask=11100100010111111101111111111110, flags=SA_RESTART|SA_SIGINFO, blocked
    SIGILL: crash_handler in libjvm.so, mask=11100100010111111101111111111110, flags=SA_RESTART|SA_SIGINFO, unblocked
   SIGUSR2: SR_handler in libjvm.so, mask=00000000000000000000000000000000, flags=SA_RESTART|SA_SIGINFO, blocked
    SIGHUP: UserHandler in libjvm.so, mask=11100100010111111101111111111110, flags=SA_RESTART|SA_SIGINFO, blocked
    SIGINT: UserHandler in libjvm.so, mask=11100100010111111101111111111110, flags=SA_RESTART|SA_SIGINFO, blocked
   SIGTERM: UserHandler in libjvm.so, mask=11100100010111111101111111111110, flags=SA_RESTART|SA_SIGINFO, blocked
   SIGQUIT: UserHandler in libjvm.so, mask=11100100010111111101111111111110, flags=SA_RESTART|SA_SIGINFO, blocked
   SIGTRAP: crash_handler in libjvm.so, mask=11100100010111111101111111111110, flags=SA_RESTART|SA_SIGINFO, unblocked


Periodic native trim disabled

---------------  S Y S T E M  ---------------

OS:
DISTRIB_ID=Ubuntu
DISTRIB_RELEASE=24.04
DISTRIB_CODENAME=noble
DISTRIB_DESCRIPTION="Ubuntu 24.04.4 LTS"
uname: Linux 6.17.0-40-generic #40~24.04.1-Ubuntu SMP PREEMPT_DYNAMIC Tue Jun 23 16:48:12 UTC 2 x86_64
OS uptime: 0 days 0:46 hours
libc: glibc 2.39 NPTL 2.39 
rlimit (soft/hard): STACK 8192k/infinity , CORE 0k/infinity , NPROC 62109/62109 , NOFILE 1048576/1048576 , AS infinity/infinity , CPU infinity/infinity , DATA infinity/infinity , FSIZE infinity/infinity , MEMLOCK 2012068k/2012068k
load average: 7.04 6.14 3.44

/proc/meminfo:
MemTotal:       16096552 kB
MemFree:         1187412 kB
MemAvailable:    6932292 kB
Buffers:          189352 kB
Cached:          6012644 kB
SwapCached:          604 kB
Active:          4727860 kB
Inactive:        8259668 kB
Active(anon):    3928128 kB
Inactive(anon):  3763284 kB
Active(file):     799732 kB
Inactive(file):  4496384 kB
Unevictable:      395700 kB
Mlocked:              48 kB
SwapTotal:       4194300 kB
SwapFree:        4193696 kB
Zswap:                 0 kB
Zswapped:              0 kB
Dirty:             31524 kB
Writeback:             0 kB
AnonPages:       7180848 kB
Mapped:          2177344 kB
Shmem:            905856 kB
KReclaimable:     791620 kB
Slab:            1104472 kB
SReclaimable:     791620 kB
SUnreclaim:       312852 kB
KernelStack:       25456 kB
PageTables:        83712 kB
SecPageTables:      3084 kB
NFS_Unstable:          0 kB
Bounce:                0 kB
WritebackTmp:          0 kB
CommitLimit:    12242576 kB
Committed_AS:   31376984 kB
VmallocTotal:   34359738367 kB
VmallocUsed:       72968 kB
VmallocChunk:          0 kB
Percpu:             7904 kB
HardwareCorrupted:     0 kB
AnonHugePages:         0 kB
ShmemHugePages:   485376 kB
ShmemPmdMapped:        0 kB
FileHugePages:      8192 kB
FilePmdMapped:         0 kB
CmaTotal:              0 kB
CmaFree:               0 kB
Unaccepted:            0 kB
Balloon:               0 kB
HugePages_Total:       0
HugePages_Free:        0
HugePages_Rsvd:        0
HugePages_Surp:        0
Hugepagesize:       2048 kB
Hugetlb:               0 kB
DirectMap4k:      269488 kB
DirectMap2M:     4694016 kB
DirectMap1G:    12582912 kB

/sys/kernel/mm/transparent_hugepage/enabled: always [madvise] never
/sys/kernel/mm/transparent_hugepage/hpage_pmd_size: 2097152
/sys/kernel/mm/transparent_hugepage/defrag (defrag/compaction efforts parameter): always defer defer+madvise [madvise] never

Process Memory:
Virtual Size: 5729232K (peak: 5729320K)
Resident Set Size: 177620K (peak: 177620K) (anon: 145028K, file: 32592K, shmem: 0K)
Swapped out: 0K
C-Heap outstanding allocations: 64011K, retained: 20668K
glibc malloc tunables: (default)

/proc/sys/kernel/threads-max (system-wide limit on the number of threads): 124218
/proc/sys/vm/max_map_count (maximum number of memory map areas a process may have): 1048576
/proc/sys/vm/swappiness (control to define how aggressively the kernel swaps out anonymous memory): 60
/proc/sys/kernel/pid_max (system-wide limit on number of process identifiers): 4194304

container information not found.
Steal ticks since vm start: 0
Steal ticks percentage since vm start:  0.000

CPU: total 8 (initial active 8) (4 cores per cpu, 2 threads per core) family 6 model 140 stepping 1 microcode 0xbe, cx8, cmov, fxsr, ht, mmx, 3dnowpref, sse, sse2, sse3, ssse3, sse4.1, sse4.2, popcnt, lzcnt, tsc, tscinvbit, avx, avx2, aes, erms, clmul, bmi1, bmi2, adx, avx512f, avx512dq, avx512cd, avx512bw, avx512vl, sha, fma, vzeroupper, avx512_vpopcntdq, avx512_vpclmulqdq, avx512_vaes, avx512_vnni, clflush, clflushopt, clwb, avx512_vbmi2, avx512_vbmi, rdtscp, rdpid, fsrm, gfni, avx512_bitalg, f16c, pku, ospke, cet_ibt, cet_ss, avx512_ifma
CPU Model and flags from /proc/cpuinfo:
model name	: 11th Gen Intel(R) Core(TM) i7-1165G7 @ 2.80GHz
flags		: fpu vme de pse tsc msr pae mce cx8 apic sep mtrr pge mca cmov pat pse36 clflush dts acpi mmx fxsr sse sse2 ss ht tm pbe syscall nx pdpe1gb rdtscp lm constant_tsc art arch_perfmon pebs bts rep_good nopl xtopology nonstop_tsc cpuid aperfmperf tsc_known_freq pni pclmulqdq dtes64 monitor ds_cpl vmx est tm2 ssse3 sdbg fma cx16 xtpr pdcm pcid sse4_1 sse4_2 x2apic movbe popcnt tsc_deadline_timer aes xsave avx f16c rdrand lahf_lm abm 3dnowprefetch cpuid_fault epb cat_l2 cdp_l2 ssbd ibrs ibpb stibp ibrs_enhanced tpr_shadow flexpriority ept vpid ept_ad fsgsbase tsc_adjust bmi1 avx2 smep bmi2 erms invpcid rdt_a avx512f avx512dq rdseed adx smap avx512ifma clflushopt clwb intel_pt avx512cd sha_ni avx512bw avx512vl xsaveopt xsavec xgetbv1 xsaves split_lock_detect user_shstk dtherm ida arat pln pts hwp hwp_notify hwp_act_window hwp_epp hwp_pkg_req vnmi avx512vbmi umip pku ospke avx512_vbmi2 gfni vaes vpclmulqdq avx512_vnni avx512_bitalg avx512_vpopcntdq rdpid movdiri movdir64b fsrm avx512_vp2intersect md_clear ibt flush_l1d arch_capabilities

Online cpus: 0-7
Offline cpus: 
BIOS frequency limitation: <Not Available>
Frequency switch latency (ns): 0
Available cpu frequencies: <Not Available>
Current governor: powersave
Core performance/turbo boost: <Not Available>

Memory: 4k page, physical 16096552k(6932292k free), swap 4194300k(4193696k free)
Page Sizes: 4k

vm_info: OpenJDK 64-Bit Server VM (21.0.11+10-LTS) for linux-amd64 JRE (21.0.11+10-LTS), built on 2026-04-21T00:00:00Z by "admin" with gcc 11.3.0

END.
